kernel_name = _ZN4vllm25fused_add_rms_norm_kernelIN3c108BFloat16ELi8ELb1EEENSt9enable_ifIXaagtT0_Li0Esr4vllm12_typeConvertIT_EE6existsEvE4typeEPS4_lS7_PKS4_fiil 
kernel_launch_uid = 1 

Kernel Average Power Data:
kernel_avg_power = 72.0851
gpu_avg_IBP, = 0.0497944
gpu_avg_ICP, = 0
gpu_avg_DCP, = 0.308854
gpu_avg_TCP, = 0
gpu_avg_CCP, = 0.00134994
gpu_avg_SHRDP, = 0.0166205
gpu_avg_RFP, = 0
gpu_avg_INTP, = 0.691721
gpu_avg_FPUP, = 0.175257
gpu_avg_DPUP, = 0
gpu_avg_INT_MUL24P, = 0
gpu_avg_INT_MUL32P, = 0
gpu_avg_INT_MULP, = 0.0978145
gpu_avg_INT_DIVP, = 0
gpu_avg_FP_MULP, = 0.0377508
gpu_avg_FP_DIVP, = 0
gpu_avg_FP_SQRTP, = 2.71615e-05
gpu_avg_FP_LGP, = 0
gpu_avg_FP_SINP, = 0
gpu_avg_FP_EXP, = 5.0406e-05
gpu_avg_DP_MULP, = 0
gpu_avg_DP_DIVP, = 0
gpu_avg_TENSORP, = 0
gpu_avg_TEXP, = 0
gpu_avg_SCHEDP, = 0.138595
gpu_avg_L2CP, = 0.0599245
gpu_avg_MCP, = 0.597214
gpu_avg_NOCP, = 0.243012
gpu_avg_DRAMP, = 0
gpu_avg_PIPEP, = 0.109645
gpu_avg_IDLE_COREP, = 36.0436
gpu_avg_CONSTP = 32.3252
gpu_avg_STATICP = 1.18866
gpu_avg_TOT_INST, = 2139.09
gpu_avg_FP_INT, = 2021.82
gpu_avg_IC_H, = 0
gpu_avg_IC_M, = 0
gpu_avg_DC_RH, = 101.818
gpu_avg_DC_RM, = 101.818
gpu_avg_DC_WH, = 101.818
gpu_avg_DC_WM, = 0
gpu_avg_TC_H, = 0
gpu_avg_TC_M, = 0
gpu_avg_CC_H, = 61.8182
gpu_avg_CC_M, = 0
gpu_avg_SHRD_ACC, = 37.2727
gpu_avg_REG_RD, = 0
gpu_avg_REG_WR, = 0
gpu_avg_NON_REG_OPs, = 0
gpu_avg_INT_ACC, = 378194
gpu_avg_FPU_ACC, = 2347.4
gpu_avg_DPU_ACC, = 0
gpu_avg_INT_MUL24_ACC, = 0
gpu_avg_INT_MUL32_ACC, = 0
gpu_avg_INT_MUL_ACC, = 638.69
gpu_avg_INT_DIV_ACC, = 0
gpu_avg_FP_MUL_ACC, = 246.497
gpu_avg_FP_DIV_ACC, = 0
gpu_avg_FP_SQRT_ACC, = 0.177354
gpu_avg_FP_LG_ACC, = 0
gpu_avg_FP_SIN_ACC, = 0
gpu_avg_FP_EXP_ACC, = 0.329131
gpu_avg_DP_MUL_ACC, = 0
gpu_avg_DP_DIV_ACC, = 0
gpu_avg_TENSOR_ACC, = 0
gpu_avg_TEX_ACC, = 0
gpu_avg_MEM_RD, = 0
gpu_avg_MEM_WR, = 0
gpu_avg_MEM_PRE, = 0
gpu_avg_L2_RH, = 10.1818
gpu_avg_L2_RM, = 106.909
gpu_avg_L2_WH, = 51.7273
gpu_avg_L2_WM, = 0
gpu_avg_NOC_A, = 712.727
gpu_avg_PIPE_A, = 0.00335373
gpu_avg_IDLE_CORE_N, = 127.456
gpu_avg_constant_power = 0
gpu_avg_threads_per_warp = 11.7897
gpu_tot_TOT_INST, = 23530
gpu_tot_FP_INT, = 22240
gpu_tot_IC_H, = 0
gpu_tot_IC_M, = 0
gpu_tot_DC_RH, = 1120
gpu_tot_DC_RM, = 1120
gpu_tot_DC_WH, = 1120
gpu_tot_DC_WM, = 0
gpu_tot_TC_H, = 0
gpu_tot_TC_M, = 0
gpu_tot_CC_H, = 680
gpu_tot_CC_M, = 0
gpu_tot_SHRD_ACC, = 410
gpu_tot_REG_RD, = 0
gpu_tot_REG_WR, = 0
gpu_tot_NON_REG_OPs, = 0
gpu_tot_INT_ACC, = 4.16013e+06
gpu_tot_FPU_ACC, = 25821.4
gpu_tot_DPU_ACC, = 0
gpu_tot_INT_MUL24_ACC, = 0
gpu_tot_INT_MUL32_ACC, = 0
gpu_tot_INT_MUL_ACC, = 7025.58
gpu_tot_INT_DIV_ACC, = 0
gpu_tot_FP_MUL_ACC, = 2711.47
gpu_tot_FP_DIV_ACC, = 0
gpu_tot_FP_SQRT_ACC, = 1.95089
gpu_tot_FP_LG_ACC, = 0
gpu_tot_FP_SIN_ACC, = 0
gpu_tot_FP_EXP_ACC, = 3.62044
gpu_tot_DP_MUL_ACC, = 0
gpu_tot_DP_DIV_ACC, = 0
gpu_tot_TENSOR_ACC, = 0
gpu_tot_TEX_ACC, = 0
gpu_tot_MEM_RD, = 0
gpu_tot_MEM_WR, = 0
gpu_tot_MEM_PRE, = 0
gpu_tot_L2_RH, = 112
gpu_tot_L2_RM, = 1176
gpu_tot_L2_WH, = 569
gpu_tot_L2_WM, = 0
gpu_tot_NOC_A, = 7840
gpu_tot_PIPE_A, = 0.036891
gpu_tot_IDLE_CORE_N, = 1402.02
gpu_tot_constant_power = 0

Kernel Maximum Power Data:
kernel_max_power = 81.705
gpu_max_IBP, = 0.335208
gpu_max_ICP, = 0
gpu_max_DCP, = 1.62649
gpu_max_TCP, = 0
gpu_max_CCP, = 0.0122288
gpu_max_SHRDP, = 0.10702
gpu_max_RFP, = 0
gpu_max_INTP, = 5.43867
gpu_max_FPUP, = 1.22432
gpu_max_DPUP, = 0
gpu_max_INT_MUL24P, = 0
gpu_max_INT_MUL32P, = 0
gpu_max_INT_MULP, = 0.518943
gpu_max_INT_DIVP, = 0
gpu_max_FP_MULP, = 0.0153546
gpu_max_FP_DIVP, = 0
gpu_max_FP_SQRTP, = 0
gpu_max_FP_LGP, = 0
gpu_max_FP_SINP, = 0
gpu_max_FP_EXP, = 0
gpu_max_DP_MULP, = 0
gpu_max_DP_DIVP, = 0
gpu_max_TENSORP, = 0
gpu_max_TEXP, = 0
gpu_max_SCHEDP, = 0.951473
gpu_max_L2CP, = 0
gpu_max_MCP, = 0.798668
gpu_max_NOCP, = 0.381876
gpu_max_DRAMP, = 0
gpu_max_PIPEP, = 0.738546
gpu_max_IDLE_COREP, = 34.5062
gpu_max_CONSTP = 32.3252
gpu_max_STATICP = 2.72478
gpu_max_TOT_INST, = 14400
gpu_max_FP_INT, = 13880
gpu_max_IC_H, = 0
gpu_max_IC_M, = 0
gpu_max_DC_RH, = 560
gpu_max_DC_RM, = 560
gpu_max_DC_WH, = 0
gpu_max_DC_WM, = 0
gpu_max_TC_H, = 0
gpu_max_TC_M, = 0
gpu_max_CC_H, = 560
gpu_max_CC_M, = 0
gpu_max_SHRD_ACC, = 240
gpu_max_REG_RD, = 0
gpu_max_REG_WR, = 0
gpu_max_NON_REG_OPs, = 0
gpu_max_INT_ACC, = 2.97356e+06
gpu_max_FPU_ACC, = 16398.6
gpu_max_DPU_ACC, = 0
gpu_max_INT_MUL24_ACC, = 0
gpu_max_INT_MUL32_ACC, = 0
gpu_max_INT_MUL_ACC, = 3388.49
gpu_max_INT_DIV_ACC, = 0
gpu_max_FP_MUL_ACC, = 100.259
gpu_max_FP_DIV_ACC, = 0
gpu_max_FP_SQRT_ACC, = 0
gpu_max_FP_LG_ACC, = 0
gpu_max_FP_SIN_ACC, = 0
gpu_max_FP_EXP_ACC, = 0
gpu_max_DP_MUL_ACC, = 0
gpu_max_DP_DIV_ACC, = 0
gpu_max_TENSOR_ACC, = 0
gpu_max_TEX_ACC, = 0
gpu_max_MEM_RD, = 0
gpu_max_MEM_WR, = 0
gpu_max_MEM_PRE, = 0
gpu_max_L2_RH, = 0
gpu_max_L2_RM, = 0
gpu_max_L2_WH, = 0
gpu_max_L2_WM, = 0
gpu_max_NOC_A, = 1120
gpu_max_PIPE_A, = 0.02259
gpu_max_IDLE_CORE_N, = 122.02
gpu_max_constant_power = 0

Kernel Minimum Power Data:
kernel_min_power = 70.2039
gpu_min_IBP, = 0
gpu_min_ICP, = 0
gpu_min_DCP, = 0
gpu_min_TCP, = 0
gpu_min_CCP, = 0
gpu_min_SHRDP, = 0
gpu_min_RFP, = 0
gpu_min_INTP, = 0
gpu_min_FPUP, = 0
gpu_min_DPUP, = 0
gpu_min_INT_MUL24P, = 0
gpu_min_INT_MUL32P, = 0
gpu_min_INT_MULP, = 0
gpu_min_INT_DIVP, = 0
gpu_min_FP_MULP, = 0
gpu_min_FP_DIVP, = 0
gpu_min_FP_SQRTP, = 0
gpu_min_FP_LGP, = 0
gpu_min_FP_SINP, = 0
gpu_min_FP_EXP, = 0
gpu_min_DP_MULP, = 0
gpu_min_DP_DIVP, = 0
gpu_min_TENSORP, = 0
gpu_min_TEXP, = 0
gpu_min_SCHEDP, = 0
gpu_min_L2CP, = 0
gpu_min_MCP, = 0.55022
gpu_min_NOCP, = 0
gpu_min_DRAMP, = 0
gpu_min_PIPEP, = 0
gpu_min_IDLE_COREP, = 37.3285
gpu_min_CONSTP = 32.3252
gpu_min_STATICP = 0
gpu_min_TOT_INST, = 0
gpu_min_FP_INT, = 0
gpu_min_IC_H, = 0
gpu_min_IC_M, = 0
gpu_min_DC_RH, = 0
gpu_min_DC_RM, = 0
gpu_min_DC_WH, = 0
gpu_min_DC_WM, = 0
gpu_min_TC_H, = 0
gpu_min_TC_M, = 0
gpu_min_CC_H, = 0
gpu_min_CC_M, = 0
gpu_min_SHRD_ACC, = 0
gpu_min_REG_RD, = 0
gpu_min_REG_WR, = 0
gpu_min_NON_REG_OPs, = 0
gpu_min_INT_ACC, = 0
gpu_min_FPU_ACC, = 0
gpu_min_DPU_ACC, = 0
gpu_min_INT_MUL24_ACC, = 0
gpu_min_INT_MUL32_ACC, = 0
gpu_min_INT_MUL_ACC, = 0
gpu_min_INT_DIV_ACC, = 0
gpu_min_FP_MUL_ACC, = 0
gpu_min_FP_DIV_ACC, = 0
gpu_min_FP_SQRT_ACC, = 0
gpu_min_FP_LG_ACC, = 0
gpu_min_FP_SIN_ACC, = 0
gpu_min_FP_EXP_ACC, = 0
gpu_min_DP_MUL_ACC, = 0
gpu_min_DP_DIV_ACC, = 0
gpu_min_TENSOR_ACC, = 0
gpu_min_TEX_ACC, = 0
gpu_min_MEM_RD, = 0
gpu_min_MEM_WR, = 0
gpu_min_MEM_PRE, = 0
gpu_min_L2_RH, = 0
gpu_min_L2_RM, = 0
gpu_min_L2_WH, = 0
gpu_min_L2_WM, = 0
gpu_min_NOC_A, = 0
gpu_min_PIPE_A, = 0
gpu_min_IDLE_CORE_N, = 132
gpu_min_constant_power = 0

Accumulative Power Statistics Over Previous Kernels:
gpu_tot_avg_power = 72.0851
gpu_tot_max_power = 81.705
gpu_tot_min_power = 70.2039


kernel_name = nvjet_sm90_tst_64x8_64x16_4x2_h_bz_bias_TNT 
kernel_launch_uid = 2 

Kernel Average Power Data:
kernel_avg_power = 83.9978
gpu_avg_IBP, = 0.335266
gpu_avg_ICP, = 0
gpu_avg_DCP, = 0
gpu_avg_TCP, = 0
gpu_avg_CCP, = 0.00275305
gpu_avg_SHRDP, = 0.300356
gpu_avg_RFP, = 0
gpu_avg_INTP, = 6.29817
gpu_avg_FPUP, = 0.117144
gpu_avg_DPUP, = 0
gpu_avg_INT_MUL24P, = 0
gpu_avg_INT_MUL32P, = 0
gpu_avg_INT_MULP, = 0.63232
gpu_avg_INT_DIVP, = 0
gpu_avg_FP_MULP, = 0
gpu_avg_FP_DIVP, = 0
gpu_avg_FP_SQRTP, = 0
gpu_avg_FP_LGP, = 0
gpu_avg_FP_SINP, = 0
gpu_avg_FP_EXP, = 0
gpu_avg_DP_MULP, = 0
gpu_avg_DP_DIVP, = 0
gpu_avg_TENSORP, = 0
gpu_avg_TEXP, = 0
gpu_avg_SCHEDP, = 0.962353
gpu_avg_L2CP, = 0.145702
gpu_avg_MCP, = 0.550516
gpu_avg_NOCP, = 4.98777
gpu_avg_DRAMP, = 0
gpu_avg_PIPEP, = 0.77968
gpu_avg_IDLE_COREP, = 31.0473
gpu_avg_CONSTP = 32.3252
gpu_avg_STATICP = 5.51327
gpu_avg_TOT_INST, = 14402.5
gpu_avg_FP_INT, = 14038.7
gpu_avg_IC_H, = 0
gpu_avg_IC_M, = 0
gpu_avg_DC_RH, = 0
gpu_avg_DC_RM, = 0
gpu_avg_DC_WH, = 0
gpu_avg_DC_WM, = 0
gpu_avg_TC_H, = 0
gpu_avg_TC_M, = 0
gpu_avg_CC_H, = 126.071
gpu_avg_CC_M, = 0
gpu_avg_SHRD_ACC, = 673.571
gpu_avg_REG_RD, = 0
gpu_avg_REG_WR, = 0
gpu_avg_NON_REG_OPs, = 0
gpu_avg_INT_ACC, = 3.44348e+06
gpu_avg_FPU_ACC, = 1569.04
gpu_avg_DPU_ACC, = 0
gpu_avg_INT_MUL24_ACC, = 0
gpu_avg_INT_MUL32_ACC, = 0
gpu_avg_INT_MUL_ACC, = 4128.8
gpu_avg_INT_DIV_ACC, = 0
gpu_avg_FP_MUL_ACC, = 0
gpu_avg_FP_DIV_ACC, = 0
gpu_avg_FP_SQRT_ACC, = 0
gpu_avg_FP_LG_ACC, = 0
gpu_avg_FP_SIN_ACC, = 0
gpu_avg_FP_EXP_ACC, = 0
gpu_avg_DP_MUL_ACC, = 0
gpu_avg_DP_DIV_ACC, = 0
gpu_avg_TENSOR_ACC, = 0
gpu_avg_TEX_ACC, = 0
gpu_avg_MEM_RD, = 0
gpu_avg_MEM_WR, = 0
gpu_avg_MEM_PRE, = 0
gpu_avg_L2_RH, = 80
gpu_avg_L2_RM, = 4613.14
gpu_avg_L2_WH, = 39.3571
gpu_avg_L2_WM, = 0
gpu_avg_NOC_A, = 14628.6
gpu_avg_PIPE_A, = 0.0238482
gpu_avg_IDLE_CORE_N, = 109.788
gpu_avg_constant_power = 0
gpu_avg_threads_per_warp = 16.2439
gpu_tot_TOT_INST, = 201635
gpu_tot_FP_INT, = 196542
gpu_tot_IC_H, = 0
gpu_tot_IC_M, = 0
gpu_tot_DC_RH, = 0
gpu_tot_DC_RM, = 0
gpu_tot_DC_WH, = 0
gpu_tot_DC_WM, = 0
gpu_tot_TC_H, = 0
gpu_tot_TC_M, = 0
gpu_tot_CC_H, = 1765
gpu_tot_CC_M, = 0
gpu_tot_SHRD_ACC, = 9430
gpu_tot_REG_RD, = 0
gpu_tot_REG_WR, = 0
gpu_tot_NON_REG_OPs, = 0
gpu_tot_INT_ACC, = 4.82088e+07
gpu_tot_FPU_ACC, = 21966.5
gpu_tot_DPU_ACC, = 0
gpu_tot_INT_MUL24_ACC, = 0
gpu_tot_INT_MUL32_ACC, = 0
gpu_tot_INT_MUL_ACC, = 57803.2
gpu_tot_INT_DIV_ACC, = 0
gpu_tot_FP_MUL_ACC, = 0
gpu_tot_FP_DIV_ACC, = 0
gpu_tot_FP_SQRT_ACC, = 0
gpu_tot_FP_LG_ACC, = 0
gpu_tot_FP_SIN_ACC, = 0
gpu_tot_FP_EXP_ACC, = 0
gpu_tot_DP_MUL_ACC, = 0
gpu_tot_DP_DIV_ACC, = 0
gpu_tot_TENSOR_ACC, = 0
gpu_tot_TEX_ACC, = 0
gpu_tot_MEM_RD, = 0
gpu_tot_MEM_WR, = 0
gpu_tot_MEM_PRE, = 0
gpu_tot_L2_RH, = 1120
gpu_tot_L2_RM, = 64584
gpu_tot_L2_WH, = 551
gpu_tot_L2_WM, = 0
gpu_tot_NOC_A, = 204800
gpu_tot_PIPE_A, = 0.333874
gpu_tot_IDLE_CORE_N, = 1537.04
gpu_tot_constant_power = 0

Kernel Maximum Power Data:
kernel_max_power = 110.623
gpu_max_IBP, = 0.686687
gpu_max_ICP, = 0
gpu_max_DCP, = 0
gpu_max_TCP, = 0
gpu_max_CCP, = 0
gpu_max_SHRDP, = 0.713466
gpu_max_RFP, = 0
gpu_max_INTP, = 13.9541
gpu_max_FPUP, = 0
gpu_max_DPUP, = 0
gpu_max_INT_MUL24P, = 0
gpu_max_INT_MUL32P, = 0
gpu_max_INT_MULP, = 0.497508
gpu_max_INT_DIVP, = 0
gpu_max_FP_MULP, = 0
gpu_max_FP_DIVP, = 0
gpu_max_FP_SQRTP, = 0
gpu_max_FP_LGP, = 0
gpu_max_FP_SINP, = 0
gpu_max_FP_EXP, = 0
gpu_max_DP_MULP, = 0
gpu_max_DP_DIVP, = 0
gpu_max_TENSORP, = 0
gpu_max_TEXP, = 0
gpu_max_SCHEDP, = 1.96944
gpu_max_L2CP, = 0.53391
gpu_max_MCP, = 0.55022
gpu_max_NOCP, = 22.3186
gpu_max_DRAMP, = 0
gpu_max_PIPEP, = 1.62661
gpu_max_IDLE_COREP, = 26.0168
gpu_max_CONSTP = 32.3252
gpu_max_STATICP = 9.4299
gpu_max_TOT_INST, = 29499
gpu_max_FP_INT, = 28730
gpu_max_IC_H, = 0
gpu_max_IC_M, = 0
gpu_max_DC_RH, = 0
gpu_max_DC_RM, = 0
gpu_max_DC_WH, = 0
gpu_max_DC_WM, = 0
gpu_max_TC_H, = 0
gpu_max_TC_M, = 0
gpu_max_CC_H, = 0
gpu_max_CC_M, = 0
gpu_max_SHRD_ACC, = 1600
gpu_max_REG_RD, = 0
gpu_max_REG_WR, = 0
gpu_max_NON_REG_OPs, = 0
gpu_max_INT_ACC, = 7.62933e+06
gpu_max_FPU_ACC, = 0
gpu_max_DPU_ACC, = 0
gpu_max_INT_MUL24_ACC, = 0
gpu_max_INT_MUL32_ACC, = 0
gpu_max_INT_MUL_ACC, = 3248.53
gpu_max_INT_DIV_ACC, = 0
gpu_max_FP_MUL_ACC, = 0
gpu_max_FP_DIV_ACC, = 0
gpu_max_FP_SQRT_ACC, = 0
gpu_max_FP_LG_ACC, = 0
gpu_max_FP_SIN_ACC, = 0
gpu_max_FP_EXP_ACC, = 0
gpu_max_DP_MUL_ACC, = 0
gpu_max_DP_DIV_ACC, = 0
gpu_max_TENSOR_ACC, = 0
gpu_max_TEX_ACC, = 0
gpu_max_MEM_RD, = 0
gpu_max_MEM_WR, = 0
gpu_max_MEM_PRE, = 0
gpu_max_L2_RH, = 408
gpu_max_L2_RM, = 23822
gpu_max_L2_WH, = 0
gpu_max_L2_WM, = 0
gpu_max_NOC_A, = 65458
gpu_max_PIPE_A, = 0.0497534
gpu_max_IDLE_CORE_N, = 92
gpu_max_constant_power = 0

Kernel Minimum Power Data:
kernel_min_power = 70.2039
gpu_min_IBP, = 0
gpu_min_ICP, = 0
gpu_min_DCP, = 0
gpu_min_TCP, = 0
gpu_min_CCP, = 0
gpu_min_SHRDP, = 0
gpu_min_RFP, = 0
gpu_min_INTP, = 0
gpu_min_FPUP, = 0
gpu_min_DPUP, = 0
gpu_min_INT_MUL24P, = 0
gpu_min_INT_MUL32P, = 0
gpu_min_INT_MULP, = 0
gpu_min_INT_DIVP, = 0
gpu_min_FP_MULP, = 0
gpu_min_FP_DIVP, = 0
gpu_min_FP_SQRTP, = 0
gpu_min_FP_LGP, = 0
gpu_min_FP_SINP, = 0
gpu_min_FP_EXP, = 0
gpu_min_DP_MULP, = 0
gpu_min_DP_DIVP, = 0
gpu_min_TENSORP, = 0
gpu_min_TEXP, = 0
gpu_min_SCHEDP, = 0
gpu_min_L2CP, = 0
gpu_min_MCP, = 0.55022
gpu_min_NOCP, = 0
gpu_min_DRAMP, = 0
gpu_min_PIPEP, = 0
gpu_min_IDLE_COREP, = 37.3285
gpu_min_CONSTP = 32.3252
gpu_min_STATICP = 0
gpu_min_TOT_INST, = 0
gpu_min_FP_INT, = 0
gpu_min_IC_H, = 0
gpu_min_IC_M, = 0
gpu_min_DC_RH, = 0
gpu_min_DC_RM, = 0
gpu_min_DC_WH, = 0
gpu_min_DC_WM, = 0
gpu_min_TC_H, = 0
gpu_min_TC_M, = 0
gpu_min_CC_H, = 0
gpu_min_CC_M, = 0
gpu_min_SHRD_ACC, = 0
gpu_min_REG_RD, = 0
gpu_min_REG_WR, = 0
gpu_min_NON_REG_OPs, = 0
gpu_min_INT_ACC, = 0
gpu_min_FPU_ACC, = 0
gpu_min_DPU_ACC, = 0
gpu_min_INT_MUL24_ACC, = 0
gpu_min_INT_MUL32_ACC, = 0
gpu_min_INT_MUL_ACC, = 0
gpu_min_INT_DIV_ACC, = 0
gpu_min_FP_MUL_ACC, = 0
gpu_min_FP_DIV_ACC, = 0
gpu_min_FP_SQRT_ACC, = 0
gpu_min_FP_LG_ACC, = 0
gpu_min_FP_SIN_ACC, = 0
gpu_min_FP_EXP_ACC, = 0
gpu_min_DP_MUL_ACC, = 0
gpu_min_DP_DIV_ACC, = 0
gpu_min_TENSOR_ACC, = 0
gpu_min_TEX_ACC, = 0
gpu_min_MEM_RD, = 0
gpu_min_MEM_WR, = 0
gpu_min_MEM_PRE, = 0
gpu_min_L2_RH, = 0
gpu_min_L2_RM, = 0
gpu_min_L2_WH, = 0
gpu_min_L2_WM, = 0
gpu_min_NOC_A, = 0
gpu_min_PIPE_A, = 0
gpu_min_IDLE_CORE_N, = 132
gpu_min_constant_power = 0

Accumulative Power Statistics Over Previous Kernels:
gpu_tot_avg_power = 78.7562
gpu_tot_max_power = 110.623
gpu_tot_min_power = 70.2039


kernel_name = _ZN4vllm23rotary_embedding_kernelIN3c108BFloat16ES2_Lb1EEEvPKlPT_S6_PKT0_illliiilb 
kernel_launch_uid = 3 

Kernel Average Power Data:
kernel_avg_power = 71.5572
gpu_avg_IBP, = 0.0368185
gpu_avg_ICP, = 0
gpu_avg_DCP, = 0.119869
gpu_avg_TCP, = 0
gpu_avg_CCP, = 0.00131023
gpu_avg_SHRDP, = 0
gpu_avg_RFP, = 0
gpu_avg_INTP, = 0.464096
gpu_avg_FPUP, = 0.0674905
gpu_avg_DPUP, = 0
gpu_avg_INT_MUL24P, = 0
gpu_avg_INT_MUL32P, = 0
gpu_avg_INT_MULP, = 0.264172
gpu_avg_INT_DIVP, = 0
gpu_avg_FP_MULP, = 0.0233974
gpu_avg_FP_DIVP, = 0
gpu_avg_FP_SQRTP, = 0
gpu_avg_FP_LGP, = 0
gpu_avg_FP_SINP, = 0
gpu_avg_FP_EXP, = 0.0236572
gpu_avg_DP_MULP, = 0
gpu_avg_DP_DIVP, = 0
gpu_avg_TENSORP, = 0
gpu_avg_TEXP, = 0
gpu_avg_SCHEDP, = 0.100654
gpu_avg_L2CP, = 0.0973747
gpu_avg_MCP, = 0.56484
gpu_avg_NOCP, = 0.131668
gpu_avg_DRAMP, = 0
gpu_avg_PIPEP, = 0.0923054
gpu_avg_IDLE_COREP, = 35.6645
gpu_avg_CONSTP = 32.3252
gpu_avg_STATICP = 1.57983
gpu_avg_TOT_INST, = 1581.67
gpu_avg_FP_INT, = 1468.33
gpu_avg_IC_H, = 0
gpu_avg_IC_M, = 0
gpu_avg_DC_RH, = 60.8333
gpu_avg_DC_RM, = 3.33333
gpu_avg_DC_WH, = 53.3333
gpu_avg_DC_WM, = 0
gpu_avg_TC_H, = 0
gpu_avg_TC_M, = 0
gpu_avg_CC_H, = 60
gpu_avg_CC_M, = 0
gpu_avg_SHRD_ACC, = 0
gpu_avg_REG_RD, = 0
gpu_avg_REG_WR, = 0
gpu_avg_NON_REG_OPs, = 0
gpu_avg_INT_ACC, = 253741
gpu_avg_FPU_ACC, = 903.971
gpu_avg_DPU_ACC, = 0
gpu_avg_INT_MUL24_ACC, = 0
gpu_avg_INT_MUL32_ACC, = 0
gpu_avg_INT_MUL_ACC, = 1724.94
gpu_avg_INT_DIV_ACC, = 0
gpu_avg_FP_MUL_ACC, = 152.776
gpu_avg_FP_DIV_ACC, = 0
gpu_avg_FP_SQRT_ACC, = 0
gpu_avg_FP_LG_ACC, = 0
gpu_avg_FP_SIN_ACC, = 0
gpu_avg_FP_EXP_ACC, = 154.472
gpu_avg_DP_MUL_ACC, = 0
gpu_avg_DP_DIV_ACC, = 0
gpu_avg_TENSOR_ACC, = 0
gpu_avg_TEX_ACC, = 0
gpu_avg_MEM_RD, = 0
gpu_avg_MEM_WR, = 0
gpu_avg_MEM_PRE, = 0
gpu_avg_L2_RH, = 53.3333
gpu_avg_L2_RM, = 3.58333
gpu_avg_L2_WH, = 48.5833
gpu_avg_L2_WM, = 60
gpu_avg_NOC_A, = 386.167
gpu_avg_PIPE_A, = 0.00282335
gpu_avg_IDLE_CORE_N, = 126.116
gpu_avg_constant_power = 0
gpu_avg_threads_per_warp = 15.7655
gpu_tot_TOT_INST, = 18980
gpu_tot_FP_INT, = 17620
gpu_tot_IC_H, = 0
gpu_tot_IC_M, = 0
gpu_tot_DC_RH, = 730
gpu_tot_DC_RM, = 40
gpu_tot_DC_WH, = 640
gpu_tot_DC_WM, = 0
gpu_tot_TC_H, = 0
gpu_tot_TC_M, = 0
gpu_tot_CC_H, = 720
gpu_tot_CC_M, = 0
gpu_tot_SHRD_ACC, = 0
gpu_tot_REG_RD, = 0
gpu_tot_REG_WR, = 0
gpu_tot_NON_REG_OPs, = 0
gpu_tot_INT_ACC, = 3.0449e+06
gpu_tot_FPU_ACC, = 10847.7
gpu_tot_DPU_ACC, = 0
gpu_tot_INT_MUL24_ACC, = 0
gpu_tot_INT_MUL32_ACC, = 0
gpu_tot_INT_MUL_ACC, = 20699.2
gpu_tot_INT_DIV_ACC, = 0
gpu_tot_FP_MUL_ACC, = 1833.31
gpu_tot_FP_DIV_ACC, = 0
gpu_tot_FP_SQRT_ACC, = 0
gpu_tot_FP_LG_ACC, = 0
gpu_tot_FP_SIN_ACC, = 0
gpu_tot_FP_EXP_ACC, = 1853.67
gpu_tot_DP_MUL_ACC, = 0
gpu_tot_DP_DIV_ACC, = 0
gpu_tot_TENSOR_ACC, = 0
gpu_tot_TEX_ACC, = 0
gpu_tot_MEM_RD, = 0
gpu_tot_MEM_WR, = 0
gpu_tot_MEM_PRE, = 0
gpu_tot_L2_RH, = 640
gpu_tot_L2_RM, = 43
gpu_tot_L2_WH, = 583
gpu_tot_L2_WM, = 720
gpu_tot_NOC_A, = 4634
gpu_tot_PIPE_A, = 0.0338803
gpu_tot_IDLE_CORE_N, = 1513.39
gpu_tot_constant_power = 0

Kernel Maximum Power Data:
kernel_max_power = 78.527
gpu_max_IBP, = 0.231293
gpu_max_ICP, = 0
gpu_max_DCP, = 0.475518
gpu_max_TCP, = 0
gpu_max_CCP, = 0.00611441
gpu_max_SHRDP, = 0
gpu_max_RFP, = 0
gpu_max_INTP, = 3.83525
gpu_max_FPUP, = 0.354325
gpu_max_DPUP, = 0
gpu_max_INT_MUL24P, = 0
gpu_max_INT_MUL32P, = 0
gpu_max_INT_MULP, = 1.90542
gpu_max_INT_DIVP, = 0
gpu_max_FP_MULP, = 0
gpu_max_FP_DIVP, = 0
gpu_max_FP_SQRTP, = 0
gpu_max_FP_LGP, = 0
gpu_max_FP_SINP, = 0
gpu_max_FP_EXP, = 0.248401
gpu_max_DP_MULP, = 0
gpu_max_DP_DIVP, = 0
gpu_max_TENSORP, = 0
gpu_max_TEXP, = 0
gpu_max_SCHEDP, = 0.640942
gpu_max_L2CP, = 0
gpu_max_MCP, = 0.610285
gpu_max_NOCP, = 0.095469
gpu_max_DRAMP, = 0
gpu_max_PIPEP, = 0.552826
gpu_max_IDLE_COREP, = 34.5006
gpu_max_CONSTP = 32.3252
gpu_max_STATICP = 2.74534
gpu_max_TOT_INST, = 9936
gpu_max_FP_INT, = 9350
gpu_max_IC_H, = 0
gpu_max_IC_M, = 0
gpu_max_DC_RH, = 240
gpu_max_DC_RM, = 40
gpu_max_DC_WH, = 0
gpu_max_DC_WM, = 0
gpu_max_TC_H, = 0
gpu_max_TC_M, = 0
gpu_max_CC_H, = 280
gpu_max_CC_M, = 0
gpu_max_SHRD_ACC, = 0
gpu_max_REG_RD, = 0
gpu_max_REG_WR, = 0
gpu_max_NON_REG_OPs, = 0
gpu_max_INT_ACC, = 2.0969e+06
gpu_max_FPU_ACC, = 4745.85
gpu_max_DPU_ACC, = 0
gpu_max_INT_MUL24_ACC, = 0
gpu_max_INT_MUL32_ACC, = 0
gpu_max_INT_MUL_ACC, = 12441.6
gpu_max_INT_DIV_ACC, = 0
gpu_max_FP_MUL_ACC, = 0
gpu_max_FP_DIV_ACC, = 0
gpu_max_FP_SQRT_ACC, = 0
gpu_max_FP_LG_ACC, = 0
gpu_max_FP_SIN_ACC, = 0
gpu_max_FP_EXP_ACC, = 1621.96
gpu_max_DP_MUL_ACC, = 0
gpu_max_DP_DIV_ACC, = 0
gpu_max_TENSOR_ACC, = 0
gpu_max_TEX_ACC, = 0
gpu_max_MEM_RD, = 0
gpu_max_MEM_WR, = 0
gpu_max_MEM_PRE, = 0
gpu_max_L2_RH, = 0
gpu_max_L2_RM, = 0
gpu_max_L2_WH, = 0
gpu_max_L2_WM, = 0
gpu_max_NOC_A, = 280
gpu_max_PIPE_A, = 0.0169094
gpu_max_IDLE_CORE_N, = 122
gpu_max_constant_power = 0

Kernel Minimum Power Data:
kernel_min_power = 70.2039
gpu_min_IBP, = 0
gpu_min_ICP, = 0
gpu_min_DCP, = 0
gpu_min_TCP, = 0
gpu_min_CCP, = 0
gpu_min_SHRDP, = 0
gpu_min_RFP, = 0
gpu_min_INTP, = 0
gpu_min_FPUP, = 0
gpu_min_DPUP, = 0
gpu_min_INT_MUL24P, = 0
gpu_min_INT_MUL32P, = 0
gpu_min_INT_MULP, = 0
gpu_min_INT_DIVP, = 0
gpu_min_FP_MULP, = 0
gpu_min_FP_DIVP, = 0
gpu_min_FP_SQRTP, = 0
gpu_min_FP_LGP, = 0
gpu_min_FP_SINP, = 0
gpu_min_FP_EXP, = 0
gpu_min_DP_MULP, = 0
gpu_min_DP_DIVP, = 0
gpu_min_TENSORP, = 0
gpu_min_TEXP, = 0
gpu_min_SCHEDP, = 0
gpu_min_L2CP, = 0
gpu_min_MCP, = 0.55022
gpu_min_NOCP, = 0
gpu_min_DRAMP, = 0
gpu_min_PIPEP, = 0
gpu_min_IDLE_COREP, = 37.3285
gpu_min_CONSTP = 32.3252
gpu_min_STATICP = 0
gpu_min_TOT_INST, = 0
gpu_min_FP_INT, = 0
gpu_min_IC_H, = 0
gpu_min_IC_M, = 0
gpu_min_DC_RH, = 0
gpu_min_DC_RM, = 0
gpu_min_DC_WH, = 0
gpu_min_DC_WM, = 0
gpu_min_TC_H, = 0
gpu_min_TC_M, = 0
gpu_min_CC_H, = 0
gpu_min_CC_M, = 0
gpu_min_SHRD_ACC, = 0
gpu_min_REG_RD, = 0
gpu_min_REG_WR, = 0
gpu_min_NON_REG_OPs, = 0
gpu_min_INT_ACC, = 0
gpu_min_FPU_ACC, = 0
gpu_min_DPU_ACC, = 0
gpu_min_INT_MUL24_ACC, = 0
gpu_min_INT_MUL32_ACC, = 0
gpu_min_INT_MUL_ACC, = 0
gpu_min_INT_DIV_ACC, = 0
gpu_min_FP_MUL_ACC, = 0
gpu_min_FP_DIV_ACC, = 0
gpu_min_FP_SQRT_ACC, = 0
gpu_min_FP_LG_ACC, = 0
gpu_min_FP_SIN_ACC, = 0
gpu_min_FP_EXP_ACC, = 0
gpu_min_DP_MUL_ACC, = 0
gpu_min_DP_DIV_ACC, = 0
gpu_min_TENSOR_ACC, = 0
gpu_min_TEX_ACC, = 0
gpu_min_MEM_RD, = 0
gpu_min_MEM_WR, = 0
gpu_min_MEM_PRE, = 0
gpu_min_L2_RH, = 0
gpu_min_L2_RM, = 0
gpu_min_L2_WH, = 0
gpu_min_L2_WM, = 0
gpu_min_NOC_A, = 0
gpu_min_PIPE_A, = 0
gpu_min_IDLE_CORE_N, = 132
gpu_min_constant_power = 0

Accumulative Power Statistics Over Previous Kernels:
gpu_tot_avg_power = 76.4214
gpu_tot_max_power = 110.623
gpu_tot_min_power = 70.2039


kernel_name = _ZN4vllm30reshape_and_cache_flash_kernelI13__nv_bfloat16S1_LNS_18Fp8KVCacheDataTypeE0EEEvPKT_S5_PT0_S7_PKlllllliiiPKfSB_i 
kernel_launch_uid = 4 

Kernel Average Power Data:
kernel_avg_power = 70.5861
gpu_avg_IBP, = 0.014536
gpu_avg_ICP, = 0
gpu_avg_DCP, = 0.0365178
gpu_avg_TCP, = 0
gpu_avg_CCP, = 0.000436744
gpu_avg_SHRDP, = 0
gpu_avg_RFP, = 0
gpu_avg_INTP, = 0.238405
gpu_avg_FPUP, = 0.0112484
gpu_avg_DPUP, = 0
gpu_avg_INT_MUL24P, = 0
gpu_avg_INT_MUL32P, = 0
gpu_avg_INT_MULP, = 0.074457
gpu_avg_INT_DIVP, = 0
gpu_avg_FP_MULP, = 0
gpu_avg_FP_DIVP, = 0
gpu_avg_FP_SQRTP, = 0
gpu_avg_FP_LGP, = 0
gpu_avg_FP_SINP, = 0
gpu_avg_FP_EXP, = 0.00788574
gpu_avg_DP_MULP, = 0
gpu_avg_DP_DIVP, = 0
gpu_avg_TENSORP, = 0
gpu_avg_TEXP, = 0
gpu_avg_SCHEDP, = 0.0411299
gpu_avg_L2CP, = 0.0129084
gpu_avg_MCP, = 0.560669
gpu_avg_NOCP, = 0.028868
gpu_avg_DRAMP, = 0
gpu_avg_PIPEP, = 0.0332509
gpu_avg_IDLE_COREP, = 36.3885
gpu_avg_CONSTP = 32.3252
gpu_avg_STATICP = 0.812016
gpu_avg_TOT_INST, = 624.444
gpu_avg_FP_INT, = 600
gpu_avg_IC_H, = 0
gpu_avg_IC_M, = 0
gpu_avg_DC_RH, = 3.33333
gpu_avg_DC_RM, = 15.5556
gpu_avg_DC_WH, = 0
gpu_avg_DC_WM, = 12.4444
gpu_avg_TC_H, = 0
gpu_avg_TC_M, = 0
gpu_avg_CC_H, = 20
gpu_avg_CC_M, = 0
gpu_avg_SHRD_ACC, = 0
gpu_avg_REG_RD, = 0
gpu_avg_REG_WR, = 0
gpu_avg_NON_REG_OPs, = 0
gpu_avg_INT_ACC, = 130346
gpu_avg_FPU_ACC, = 150.662
gpu_avg_DPU_ACC, = 0
gpu_avg_INT_MUL24_ACC, = 0
gpu_avg_INT_MUL32_ACC, = 0
gpu_avg_INT_MUL_ACC, = 486.174
gpu_avg_INT_DIV_ACC, = 0
gpu_avg_FP_MUL_ACC, = 0
gpu_avg_FP_DIV_ACC, = 0
gpu_avg_FP_SQRT_ACC, = 0
gpu_avg_FP_LG_ACC, = 0
gpu_avg_FP_SIN_ACC, = 0
gpu_avg_FP_EXP_ACC, = 51.4907
gpu_avg_DP_MUL_ACC, = 0
gpu_avg_DP_DIV_ACC, = 0
gpu_avg_TENSOR_ACC, = 0
gpu_avg_TEX_ACC, = 0
gpu_avg_MEM_RD, = 0
gpu_avg_MEM_WR, = 0
gpu_avg_MEM_PRE, = 0
gpu_avg_L2_RH, = 12.4444
gpu_avg_L2_RM, = 0.444444
gpu_avg_L2_WH, = 6.33333
gpu_avg_L2_WM, = 5.33333
gpu_avg_NOC_A, = 84.6667
gpu_avg_PIPE_A, = 0.00101705
gpu_avg_IDLE_CORE_N, = 128.676
gpu_avg_constant_power = 0
gpu_avg_threads_per_warp = 9.11757
gpu_tot_TOT_INST, = 5620
gpu_tot_FP_INT, = 5400
gpu_tot_IC_H, = 0
gpu_tot_IC_M, = 0
gpu_tot_DC_RH, = 30
gpu_tot_DC_RM, = 140
gpu_tot_DC_WH, = 0
gpu_tot_DC_WM, = 112
gpu_tot_TC_H, = 0
gpu_tot_TC_M, = 0
gpu_tot_CC_H, = 180
gpu_tot_CC_M, = 0
gpu_tot_SHRD_ACC, = 0
gpu_tot_REG_RD, = 0
gpu_tot_REG_WR, = 0
gpu_tot_NON_REG_OPs, = 0
gpu_tot_INT_ACC, = 1.17312e+06
gpu_tot_FPU_ACC, = 1355.96
gpu_tot_DPU_ACC, = 0
gpu_tot_INT_MUL24_ACC, = 0
gpu_tot_INT_MUL32_ACC, = 0
gpu_tot_INT_MUL_ACC, = 4375.57
gpu_tot_INT_DIV_ACC, = 0
gpu_tot_FP_MUL_ACC, = 0
gpu_tot_FP_DIV_ACC, = 0
gpu_tot_FP_SQRT_ACC, = 0
gpu_tot_FP_LG_ACC, = 0
gpu_tot_FP_SIN_ACC, = 0
gpu_tot_FP_EXP_ACC, = 463.417
gpu_tot_DP_MUL_ACC, = 0
gpu_tot_DP_DIV_ACC, = 0
gpu_tot_TENSOR_ACC, = 0
gpu_tot_TEX_ACC, = 0
gpu_tot_MEM_RD, = 0
gpu_tot_MEM_WR, = 0
gpu_tot_MEM_PRE, = 0
gpu_tot_L2_RH, = 112
gpu_tot_L2_RM, = 4
gpu_tot_L2_WH, = 57
gpu_tot_L2_WM, = 48
gpu_tot_NOC_A, = 762
gpu_tot_PIPE_A, = 0.00915343
gpu_tot_IDLE_CORE_N, = 1158.08
gpu_tot_constant_power = 0

Kernel Maximum Power Data:
kernel_max_power = 73.4556
gpu_max_IBP, = 0.10289
gpu_max_ICP, = 0
gpu_max_DCP, = 0.0531719
gpu_max_TCP, = 0
gpu_max_CCP, = 0.00262046
gpu_max_SHRDP, = 0
gpu_max_RFP, = 0
gpu_max_INTP, = 1.8623
gpu_max_FPUP, = 0.101236
gpu_max_DPUP, = 0
gpu_max_INT_MUL24P, = 0
gpu_max_INT_MUL32P, = 0
gpu_max_INT_MULP, = 0.564068
gpu_max_INT_DIVP, = 0
gpu_max_FP_MULP, = 0
gpu_max_FP_DIVP, = 0
gpu_max_FP_SQRTP, = 0
gpu_max_FP_LGP, = 0
gpu_max_FP_SINP, = 0
gpu_max_FP_EXP, = 0.0709717
gpu_max_DP_MULP, = 0
gpu_max_DP_DIVP, = 0
gpu_max_TENSORP, = 0
gpu_max_TEXP, = 0
gpu_max_SCHEDP, = 0.292023
gpu_max_L2CP, = 0
gpu_max_MCP, = 0.561664
gpu_max_NOCP, = 0.0231853
gpu_max_DRAMP, = 0
gpu_max_PIPEP, = 0.250341
gpu_max_IDLE_COREP, = 34.5006
gpu_max_CONSTP = 32.3252
gpu_max_STATICP = 2.74534
gpu_max_TOT_INST, = 4420
gpu_max_FP_INT, = 4260
gpu_max_IC_H, = 0
gpu_max_IC_M, = 0
gpu_max_DC_RH, = 0
gpu_max_DC_RM, = 48
gpu_max_DC_WH, = 0
gpu_max_DC_WM, = 0
gpu_max_TC_H, = 0
gpu_max_TC_M, = 0
gpu_max_CC_H, = 120
gpu_max_CC_M, = 0
gpu_max_SHRD_ACC, = 0
gpu_max_REG_RD, = 0
gpu_max_REG_WR, = 0
gpu_max_NON_REG_OPs, = 0
gpu_max_INT_ACC, = 1.0182e+06
gpu_max_FPU_ACC, = 1355.96
gpu_max_DPU_ACC, = 0
gpu_max_INT_MUL24_ACC, = 0
gpu_max_INT_MUL32_ACC, = 0
gpu_max_INT_MUL_ACC, = 3683.14
gpu_max_INT_DIV_ACC, = 0
gpu_max_FP_MUL_ACC, = 0
gpu_max_FP_DIV_ACC, = 0
gpu_max_FP_SQRT_ACC, = 0
gpu_max_FP_LG_ACC, = 0
gpu_max_FP_SIN_ACC, = 0
gpu_max_FP_EXP_ACC, = 463.417
gpu_max_DP_MUL_ACC, = 0
gpu_max_DP_DIV_ACC, = 0
gpu_max_TENSOR_ACC, = 0
gpu_max_TEX_ACC, = 0
gpu_max_MEM_RD, = 0
gpu_max_MEM_WR, = 0
gpu_max_MEM_PRE, = 0
gpu_max_L2_RH, = 0
gpu_max_L2_RM, = 0
gpu_max_L2_WH, = 0
gpu_max_L2_WM, = 0
gpu_max_NOC_A, = 68
gpu_max_PIPE_A, = 0.00765722
gpu_max_IDLE_CORE_N, = 122
gpu_max_constant_power = 0

Kernel Minimum Power Data:
kernel_min_power = 70.15
gpu_min_IBP, = 0.00931132
gpu_min_ICP, = 0
gpu_min_DCP, = 0.031746
gpu_min_TCP, = 0
gpu_min_CCP, = 0.000873488
gpu_min_SHRDP, = 0
gpu_min_RFP, = 0
gpu_min_INTP, = 0.0701764
gpu_min_FPUP, = 0
gpu_min_DPUP, = 0
gpu_min_INT_MUL24P, = 0
gpu_min_INT_MUL32P, = 0
gpu_min_INT_MULP, = 0.0676882
gpu_min_INT_DIVP, = 0
gpu_min_FP_MULP, = 0
gpu_min_FP_DIVP, = 0
gpu_min_FP_SQRTP, = 0
gpu_min_FP_LGP, = 0
gpu_min_FP_SINP, = 0
gpu_min_FP_EXP, = 0
gpu_min_DP_MULP, = 0
gpu_min_DP_DIVP, = 0
gpu_min_TENSORP, = 0
gpu_min_TEXP, = 0
gpu_min_SCHEDP, = 0.024678
gpu_min_L2CP, = 7.09884e-05
gpu_min_MCP, = 0.551926
gpu_min_NOCP, = 0.00340961
gpu_min_DRAMP, = 0
gpu_min_PIPEP, = 0.0198142
gpu_min_IDLE_COREP, = 34.5911
gpu_min_CONSTP = 32.3252
gpu_min_STATICP = 2.454
gpu_min_TOT_INST, = 400
gpu_min_FP_INT, = 360
gpu_min_IC_H, = 0
gpu_min_IC_M, = 0
gpu_min_DC_RH, = 30
gpu_min_DC_RM, = -20
gpu_min_DC_WH, = 0
gpu_min_DC_WM, = 0
gpu_min_TC_H, = 0
gpu_min_TC_M, = 0
gpu_min_CC_H, = 40
gpu_min_CC_M, = 0
gpu_min_SHRD_ACC, = 0
gpu_min_REG_RD, = 0
gpu_min_REG_WR, = 0
gpu_min_NON_REG_OPs, = 0
gpu_min_INT_ACC, = 38368.5
gpu_min_FPU_ACC, = 0
gpu_min_DPU_ACC, = 0
gpu_min_INT_MUL24_ACC, = 0
gpu_min_INT_MUL32_ACC, = 0
gpu_min_INT_MUL_ACC, = 441.977
gpu_min_INT_DIV_ACC, = 0
gpu_min_FP_MUL_ACC, = 0
gpu_min_FP_DIV_ACC, = 0
gpu_min_FP_SQRT_ACC, = 0
gpu_min_FP_LG_ACC, = 0
gpu_min_FP_SIN_ACC, = 0
gpu_min_FP_EXP_ACC, = 0
gpu_min_DP_MUL_ACC, = 0
gpu_min_DP_DIV_ACC, = 0
gpu_min_TENSOR_ACC, = 0
gpu_min_TEX_ACC, = 0
gpu_min_MEM_RD, = 0
gpu_min_MEM_WR, = 0
gpu_min_MEM_PRE, = 0
gpu_min_L2_RH, = 0
gpu_min_L2_RM, = 4
gpu_min_L2_WH, = 0
gpu_min_L2_WM, = 0
gpu_min_NOC_A, = 10
gpu_min_PIPE_A, = 0.000606061
gpu_min_IDLE_CORE_N, = 122.32
gpu_min_constant_power = 0

Accumulative Power Statistics Over Previous Kernels:
gpu_tot_avg_power = 75.2797
gpu_tot_max_power = 110.623
gpu_tot_min_power = 70.15


kernel_name = _ZN7cutlass13device_kernelIN5flash20enable_sm90_or_laterINS1_16FlashAttnFwdSm90INS1_25CollectiveMainloopFwdSm90ILi2EN4cute5tupleIJNS5_1CILi1EEES8_S8_EEENS6_IJNS7_ILi192EEENS7_ILi128EEENS7_ILi64EEEEEELi64ENS_10bfloat16_tEfNS_4arch4Sm90ELb1ELb0ELb0ELb1ELb1ELb0ELb0ELb1ELb1ELb1ELb0ELb0ESE_Li1EEENS1_21CollectiveEpilogueFwdINS6_IJSA_SC_SB_EEES9_SE_SG_Li384ELb1ELb1ELb0ELb0ELi1EEENS1_36VarlenDynamicPersistentTileSchedulerILi192ELi128ELi384ELi128ELb0ELb1ELb1ELb1ELb0ELb1EEEEEEEEEvNT_6ParamsE 
kernel_launch_uid = 5 

Kernel Average Power Data:
kernel_avg_power = 74.7561
gpu_avg_IBP, = 0.174314
gpu_avg_ICP, = 0
gpu_avg_DCP, = 0.479452
gpu_avg_TCP, = 0
gpu_avg_CCP, = 0.00207162
gpu_avg_SHRDP, = 0.0904912
gpu_avg_RFP, = 0
gpu_avg_INTP, = 2.73801
gpu_avg_FPUP, = 0.255452
gpu_avg_DPUP, = 0
gpu_avg_INT_MUL24P, = 0
gpu_avg_INT_MUL32P, = 0
gpu_avg_INT_MULP, = 0.143682
gpu_avg_INT_DIVP, = 0
gpu_avg_FP_MULP, = 0.0360942
gpu_avg_FP_DIVP, = 0
gpu_avg_FP_SQRTP, = 0
gpu_avg_FP_LGP, = 0.000794571
gpu_avg_FP_SINP, = 0
gpu_avg_FP_EXP, = 0.0947915
gpu_avg_DP_MULP, = 0
gpu_avg_DP_DIVP, = 0
gpu_avg_TENSORP, = 0
gpu_avg_TEXP, = 0
gpu_avg_SCHEDP, = 0.465847
gpu_avg_L2CP, = 0.112035
gpu_avg_MCP, = 0.68365
gpu_avg_NOCP, = 0.320549
gpu_avg_DRAMP, = 0
gpu_avg_PIPEP, = 0.395662
gpu_avg_IDLE_COREP, = 32.9723
gpu_avg_CONSTP = 32.3252
gpu_avg_STATICP = 3.46567
gpu_avg_TOT_INST, = 7488.27
gpu_avg_FP_INT, = 6795.73
gpu_avg_IC_H, = 0
gpu_avg_IC_M, = 0
gpu_avg_DC_RH, = 115.867
gpu_avg_DC_RM, = 54.4667
gpu_avg_DC_WH, = 5.9
gpu_avg_DC_WM, = 196.7
gpu_avg_TC_H, = 0
gpu_avg_TC_M, = 0
gpu_avg_CC_H, = 94.8667
gpu_avg_CC_M, = 0
gpu_avg_SHRD_ACC, = 202.933
gpu_avg_REG_RD, = 0
gpu_avg_REG_WR, = 0
gpu_avg_NON_REG_OPs, = 0
gpu_avg_INT_ACC, = 1.49699e+06
gpu_avg_FPU_ACC, = 3421.53
gpu_avg_DPU_ACC, = 0
gpu_avg_INT_MUL24_ACC, = 0
gpu_avg_INT_MUL32_ACC, = 0
gpu_avg_INT_MUL_ACC, = 938.187
gpu_avg_INT_DIV_ACC, = 0
gpu_avg_FP_MUL_ACC, = 235.681
gpu_avg_FP_DIV_ACC, = 0
gpu_avg_FP_SQRT_ACC, = 0
gpu_avg_FP_LG_ACC, = 5.18823
gpu_avg_FP_SIN_ACC, = 0
gpu_avg_FP_EXP_ACC, = 618.951
gpu_avg_DP_MUL_ACC, = 0
gpu_avg_DP_DIV_ACC, = 0
gpu_avg_TENSOR_ACC, = 0
gpu_avg_TEX_ACC, = 0
gpu_avg_MEM_RD, = 0
gpu_avg_MEM_WR, = 0
gpu_avg_MEM_PRE, = 0
gpu_avg_L2_RH, = 33.0667
gpu_avg_L2_RM, = 30.0667
gpu_avg_L2_WH, = 5.73333
gpu_avg_L2_WM, = 187.2
gpu_avg_NOC_A, = 940.133
gpu_avg_PIPE_A, = 0.0121022
gpu_avg_IDLE_CORE_N, = 116.596
gpu_avg_constant_power = 0
gpu_avg_threads_per_warp = 23.6405
gpu_tot_TOT_INST, = 224648
gpu_tot_FP_INT, = 203872
gpu_tot_IC_H, = 0
gpu_tot_IC_M, = 0
gpu_tot_DC_RH, = 3476
gpu_tot_DC_RM, = 1634
gpu_tot_DC_WH, = 177
gpu_tot_DC_WM, = 5901
gpu_tot_TC_H, = 0
gpu_tot_TC_M, = 0
gpu_tot_CC_H, = 2846
gpu_tot_CC_M, = 0
gpu_tot_SHRD_ACC, = 6088
gpu_tot_REG_RD, = 0
gpu_tot_REG_WR, = 0
gpu_tot_NON_REG_OPs, = 0
gpu_tot_INT_ACC, = 4.49097e+07
gpu_tot_FPU_ACC, = 102646
gpu_tot_DPU_ACC, = 0
gpu_tot_INT_MUL24_ACC, = 0
gpu_tot_INT_MUL32_ACC, = 0
gpu_tot_INT_MUL_ACC, = 28145.6
gpu_tot_INT_DIV_ACC, = 0
gpu_tot_FP_MUL_ACC, = 7070.42
gpu_tot_FP_DIV_ACC, = 0
gpu_tot_FP_SQRT_ACC, = 0
gpu_tot_FP_LG_ACC, = 155.647
gpu_tot_FP_SIN_ACC, = 0
gpu_tot_FP_EXP_ACC, = 18568.5
gpu_tot_DP_MUL_ACC, = 0
gpu_tot_DP_DIV_ACC, = 0
gpu_tot_TENSOR_ACC, = 0
gpu_tot_TEX_ACC, = 0
gpu_tot_MEM_RD, = 0
gpu_tot_MEM_WR, = 0
gpu_tot_MEM_PRE, = 0
gpu_tot_L2_RH, = 992
gpu_tot_L2_RM, = 902
gpu_tot_L2_WH, = 172
gpu_tot_L2_WM, = 5616
gpu_tot_NOC_A, = 28204
gpu_tot_PIPE_A, = 0.363065
gpu_tot_IDLE_CORE_N, = 3497.87
gpu_tot_constant_power = 0

Kernel Maximum Power Data:
kernel_max_power = 129.93
gpu_max_IBP, = 2.94368
gpu_max_ICP, = 0
gpu_max_DCP, = 2.25672
gpu_max_TCP, = 0
gpu_max_CCP, = 0.00288251
gpu_max_SHRDP, = 1.29494
gpu_max_RFP, = 0
gpu_max_INTP, = 44.1129
gpu_max_FPUP, = 0
gpu_max_DPUP, = 0
gpu_max_INT_MUL24P, = 0
gpu_max_INT_MUL32P, = 0
gpu_max_INT_MULP, = 0.300155
gpu_max_INT_DIVP, = 0
gpu_max_FP_MULP, = 0
gpu_max_FP_DIVP, = 0
gpu_max_FP_SQRTP, = 0
gpu_max_FP_LGP, = 0
gpu_max_FP_SINP, = 0
gpu_max_FP_EXP, = 0
gpu_max_DP_MULP, = 0
gpu_max_DP_DIVP, = 0
gpu_max_TENSORP, = 0
gpu_max_TEXP, = 0
gpu_max_SCHEDP, = 7.74559
gpu_max_L2CP, = 0
gpu_max_MCP, = 1.58388
gpu_max_NOCP, = 1.44022
gpu_max_DRAMP, = 0
gpu_max_PIPEP, = 6.56429
gpu_max_IDLE_COREP, = 0
gpu_max_CONSTP = 32.3252
gpu_max_STATICP = 29.36
gpu_max_TOT_INST, = 126456
gpu_max_FP_INT, = 112992
gpu_max_IC_H, = 0
gpu_max_IC_M, = 0
gpu_max_DC_RH, = 0
gpu_max_DC_RM, = 0
gpu_max_DC_WH, = 0
gpu_max_DC_WM, = 2112
gpu_max_TC_H, = 0
gpu_max_TC_M, = 0
gpu_max_CC_H, = 132
gpu_max_CC_M, = 0
gpu_max_SHRD_ACC, = 2904
gpu_max_REG_RD, = 0
gpu_max_REG_WR, = 0
gpu_max_NON_REG_OPs, = 0
gpu_max_INT_ACC, = 2.41184e+07
gpu_max_FPU_ACC, = 0
gpu_max_DPU_ACC, = 0
gpu_max_INT_MUL24_ACC, = 0
gpu_max_INT_MUL32_ACC, = 0
gpu_max_INT_MUL_ACC, = 1959.89
gpu_max_INT_DIV_ACC, = 0
gpu_max_FP_MUL_ACC, = 0
gpu_max_FP_DIV_ACC, = 0
gpu_max_FP_SQRT_ACC, = 0
gpu_max_FP_LG_ACC, = 0
gpu_max_FP_SIN_ACC, = 0
gpu_max_FP_EXP_ACC, = 0
gpu_max_DP_MUL_ACC, = 0
gpu_max_DP_DIV_ACC, = 0
gpu_max_TENSOR_ACC, = 0
gpu_max_TEX_ACC, = 0
gpu_max_MEM_RD, = 0
gpu_max_MEM_WR, = 0
gpu_max_MEM_PRE, = 0
gpu_max_L2_RH, = 0
gpu_max_L2_RM, = 0
gpu_max_L2_WH, = 0
gpu_max_L2_WM, = 0
gpu_max_NOC_A, = 4224
gpu_max_PIPE_A, = 0.200783
gpu_max_IDLE_CORE_N, = 0
gpu_max_constant_power = 0

Kernel Minimum Power Data:
kernel_min_power = 58.0819
gpu_min_IBP, = 0.0116857
gpu_min_ICP, = 0
gpu_min_DCP, = 0.146223
gpu_min_TCP, = 0
gpu_min_CCP, = 0
gpu_min_SHRDP, = 0
gpu_min_RFP, = 0
gpu_min_INTP, = 0.159761
gpu_min_FPUP, = 0
gpu_min_DPUP, = 0
gpu_min_INT_MUL24P, = 0
gpu_min_INT_MUL32P, = 0
gpu_min_INT_MULP, = 0.00216814
gpu_min_INT_DIVP, = 0
gpu_min_FP_MULP, = 0
gpu_min_FP_DIVP, = 0
gpu_min_FP_SQRTP, = 0
gpu_min_FP_LGP, = 0
gpu_min_FP_SINP, = 0
gpu_min_FP_EXP, = 0
gpu_min_DP_MULP, = 0
gpu_min_DP_DIVP, = 0
gpu_min_TENSORP, = 0
gpu_min_TEXP, = 0
gpu_min_SCHEDP, = 0.0344121
gpu_min_L2CP, = 1.09246
gpu_min_MCP, = 0.580915
gpu_min_NOCP, = 0.810123
gpu_min_DRAMP, = 0
gpu_min_PIPEP, = 0.00751935
gpu_min_IDLE_COREP, = 0
gpu_min_CONSTP = 32.3252
gpu_min_STATICP = 22.9114
gpu_min_TOT_INST, = 502
gpu_min_FP_INT, = 502
gpu_min_IC_H, = 0
gpu_min_IC_M, = 0
gpu_min_DC_RH, = 0
gpu_min_DC_RM, = 132
gpu_min_DC_WH, = 0
gpu_min_DC_WM, = 0
gpu_min_TC_H, = 0
gpu_min_TC_M, = 0
gpu_min_CC_H, = 0
gpu_min_CC_M, = 0
gpu_min_SHRD_ACC, = 0
gpu_min_REG_RD, = 0
gpu_min_REG_WR, = 0
gpu_min_NON_REG_OPs, = 0
gpu_min_INT_ACC, = 87348.2
gpu_min_FPU_ACC, = 0
gpu_min_DPU_ACC, = 0
gpu_min_INT_MUL24_ACC, = 0
gpu_min_INT_MUL32_ACC, = 0
gpu_min_INT_MUL_ACC, = 14.1571
gpu_min_INT_DIV_ACC, = 0
gpu_min_FP_MUL_ACC, = 0
gpu_min_FP_DIV_ACC, = 0
gpu_min_FP_SQRT_ACC, = 0
gpu_min_FP_LG_ACC, = 0
gpu_min_FP_SIN_ACC, = 0
gpu_min_FP_EXP_ACC, = 0
gpu_min_DP_MUL_ACC, = 0
gpu_min_DP_DIV_ACC, = 0
gpu_min_TENSOR_ACC, = 0
gpu_min_TEX_ACC, = 0
gpu_min_MEM_RD, = 0
gpu_min_MEM_WR, = 0
gpu_min_MEM_PRE, = 0
gpu_min_L2_RH, = 19
gpu_min_L2_RM, = 2
gpu_min_L2_WH, = 0
gpu_min_L2_WM, = 2112
gpu_min_NOC_A, = 2376
gpu_min_PIPE_A, = 0.000229995
gpu_min_IDLE_CORE_N, = 0
gpu_min_constant_power = 0

Accumulative Power Statistics Over Previous Kernels:
gpu_tot_avg_power = 75.073
gpu_tot_max_power = 129.93
gpu_tot_min_power = 58.0819


kernel_name = _ZN2at6native29vectorized_elementwise_kernelILi4ENS0_11FillFunctorIiEESt5arrayIPcLm1EEEEviT0_T1_ 
kernel_launch_uid = 6 

Kernel Average Power Data:
kernel_avg_power = 70.3077
gpu_avg_IBP, = 0.00144326
gpu_avg_ICP, = 0
gpu_avg_DCP, = 0.0148067
gpu_avg_TCP, = 0
gpu_avg_CCP, = 3.74352e-05
gpu_avg_SHRDP, = 0.00203847
gpu_avg_RFP, = 0
gpu_avg_INTP, = 0.0183743
gpu_avg_FPUP, = 0
gpu_avg_DPUP, = 0
gpu_avg_INT_MUL24P, = 0
gpu_avg_INT_MUL32P, = 0
gpu_avg_INT_MULP, = 0.00131196
gpu_avg_INT_DIVP, = 0
gpu_avg_FP_MULP, = 0
gpu_avg_FP_DIVP, = 0
gpu_avg_FP_SQRTP, = 0
gpu_avg_FP_LGP, = 0
gpu_avg_FP_SINP, = 0
gpu_avg_FP_EXP, = 0
gpu_avg_DP_MULP, = 0
gpu_avg_DP_DIVP, = 0
gpu_avg_TENSORP, = 0
gpu_avg_TEXP, = 0
gpu_avg_SCHEDP, = 0.00397589
gpu_avg_L2CP, = 0.033094
gpu_avg_MCP, = 0.557004
gpu_avg_NOCP, = 0.0338038
gpu_avg_DRAMP, = 0
gpu_avg_PIPEP, = 0.00319383
gpu_avg_IDLE_COREP, = 37.2578
gpu_avg_CONSTP = 32.3252
gpu_avg_STATICP = 0.055606
gpu_avg_TOT_INST, = 62
gpu_avg_FP_INT, = 58
gpu_avg_IC_H, = 0
gpu_avg_IC_M, = 0
gpu_avg_DC_RH, = 0
gpu_avg_DC_RM, = 0
gpu_avg_DC_WH, = 0
gpu_avg_DC_WM, = 13.8571
gpu_avg_TC_H, = 0
gpu_avg_TC_M, = 0
gpu_avg_CC_H, = 1.71429
gpu_avg_CC_M, = 0
gpu_avg_SHRD_ACC, = 4.57143
gpu_avg_REG_RD, = 0
gpu_avg_REG_WR, = 0
gpu_avg_NON_REG_OPs, = 0
gpu_avg_INT_ACC, = 10046
gpu_avg_FPU_ACC, = 0
gpu_avg_DPU_ACC, = 0
gpu_avg_INT_MUL24_ACC, = 0
gpu_avg_INT_MUL32_ACC, = 0
gpu_avg_INT_MUL_ACC, = 8.56658
gpu_avg_INT_DIV_ACC, = 0
gpu_avg_FP_MUL_ACC, = 0
gpu_avg_FP_DIV_ACC, = 0
gpu_avg_FP_SQRT_ACC, = 0
gpu_avg_FP_LG_ACC, = 0
gpu_avg_FP_SIN_ACC, = 0
gpu_avg_FP_EXP_ACC, = 0
gpu_avg_DP_MUL_ACC, = 0
gpu_avg_DP_DIV_ACC, = 0
gpu_avg_TENSOR_ACC, = 0
gpu_avg_TEX_ACC, = 0
gpu_avg_MEM_RD, = 0
gpu_avg_MEM_WR, = 0
gpu_avg_MEM_PRE, = 0
gpu_avg_L2_RH, = 0
gpu_avg_L2_RM, = 0
gpu_avg_L2_WH, = 0
gpu_avg_L2_WM, = 64.2857
gpu_avg_NOC_A, = 99.1429
gpu_avg_PIPE_A, = 9.769e-05
gpu_avg_IDLE_CORE_N, = 131.75
gpu_avg_constant_power = 0
gpu_avg_threads_per_warp = 6.88818
gpu_tot_TOT_INST, = 434
gpu_tot_FP_INT, = 406
gpu_tot_IC_H, = 0
gpu_tot_IC_M, = 0
gpu_tot_DC_RH, = 0
gpu_tot_DC_RM, = 0
gpu_tot_DC_WH, = 0
gpu_tot_DC_WM, = 97
gpu_tot_TC_H, = 0
gpu_tot_TC_M, = 0
gpu_tot_CC_H, = 12
gpu_tot_CC_M, = 0
gpu_tot_SHRD_ACC, = 32
gpu_tot_REG_RD, = 0
gpu_tot_REG_WR, = 0
gpu_tot_NON_REG_OPs, = 0
gpu_tot_INT_ACC, = 70322.2
gpu_tot_FPU_ACC, = 0
gpu_tot_DPU_ACC, = 0
gpu_tot_INT_MUL24_ACC, = 0
gpu_tot_INT_MUL32_ACC, = 0
gpu_tot_INT_MUL_ACC, = 59.9661
gpu_tot_INT_DIV_ACC, = 0
gpu_tot_FP_MUL_ACC, = 0
gpu_tot_FP_DIV_ACC, = 0
gpu_tot_FP_SQRT_ACC, = 0
gpu_tot_FP_LG_ACC, = 0
gpu_tot_FP_SIN_ACC, = 0
gpu_tot_FP_EXP_ACC, = 0
gpu_tot_DP_MUL_ACC, = 0
gpu_tot_DP_DIV_ACC, = 0
gpu_tot_TENSOR_ACC, = 0
gpu_tot_TEX_ACC, = 0
gpu_tot_MEM_RD, = 0
gpu_tot_MEM_WR, = 0
gpu_tot_MEM_PRE, = 0
gpu_tot_L2_RH, = 0
gpu_tot_L2_RM, = 0
gpu_tot_L2_WH, = 0
gpu_tot_L2_WM, = 450
gpu_tot_NOC_A, = 694
gpu_tot_PIPE_A, = 0.00068383
gpu_tot_IDLE_CORE_N, = 922.25
gpu_tot_constant_power = 0

Kernel Maximum Power Data:
kernel_max_power = 70.8963
gpu_max_IBP, = 0.00730939
gpu_max_ICP, = 0
gpu_max_DCP, = 0.102578
gpu_max_TCP, = 0
gpu_max_CCP, = 0
gpu_max_SHRDP, = 0.0142693
gpu_max_RFP, = 0
gpu_max_INTP, = 0.100495
gpu_max_FPUP, = 0
gpu_max_DPUP, = 0
gpu_max_INT_MUL24P, = 0
gpu_max_INT_MUL32P, = 0
gpu_max_INT_MULP, = 0.00690983
gpu_max_INT_DIVP, = 0
gpu_max_FP_MULP, = 0
gpu_max_FP_DIVP, = 0
gpu_max_FP_SQRTP, = 0
gpu_max_FP_LGP, = 0
gpu_max_FP_SINP, = 0
gpu_max_FP_EXP, = 0
gpu_max_DP_MULP, = 0
gpu_max_DP_DIVP, = 0
gpu_max_TENSORP, = 0
gpu_max_TEXP, = 0
gpu_max_SCHEDP, = 0.0207021
gpu_max_L2CP, = 0.231658
gpu_max_MCP, = 0.59719
gpu_max_NOCP, = 0.235945
gpu_max_DRAMP, = 0
gpu_max_PIPEP, = 0.0166486
gpu_max_IDLE_COREP, = 36.9015
gpu_max_CONSTP = 32.3252
gpu_max_STATICP = 0.335859
gpu_max_TOT_INST, = 314
gpu_max_FP_INT, = 302
gpu_max_IC_H, = 0
gpu_max_IC_M, = 0
gpu_max_DC_RH, = 0
gpu_max_DC_RM, = 0
gpu_max_DC_WH, = 0
gpu_max_DC_WM, = 96
gpu_max_TC_H, = 0
gpu_max_TC_M, = 0
gpu_max_CC_H, = 0
gpu_max_CC_M, = 0
gpu_max_SHRD_ACC, = 32
gpu_max_REG_RD, = 0
gpu_max_REG_WR, = 0
gpu_max_NON_REG_OPs, = 0
gpu_max_INT_ACC, = 54944.8
gpu_max_FPU_ACC, = 0
gpu_max_DPU_ACC, = 0
gpu_max_INT_MUL24_ACC, = 0
gpu_max_INT_MUL32_ACC, = 0
gpu_max_INT_MUL_ACC, = 45.1184
gpu_max_INT_DIV_ACC, = 0
gpu_max_FP_MUL_ACC, = 0
gpu_max_FP_DIV_ACC, = 0
gpu_max_FP_SQRT_ACC, = 0
gpu_max_FP_LG_ACC, = 0
gpu_max_FP_SIN_ACC, = 0
gpu_max_FP_EXP_ACC, = 0
gpu_max_DP_MUL_ACC, = 0
gpu_max_DP_DIV_ACC, = 0
gpu_max_TENSOR_ACC, = 0
gpu_max_TEX_ACC, = 0
gpu_max_MEM_RD, = 0
gpu_max_MEM_WR, = 0
gpu_max_MEM_PRE, = 0
gpu_max_L2_RH, = 0
gpu_max_L2_RM, = 0
gpu_max_L2_WH, = 0
gpu_max_L2_WM, = 450
gpu_max_NOC_A, = 692
gpu_max_PIPE_A, = 0.000509233
gpu_max_IDLE_CORE_N, = 130.49
gpu_max_constant_power = 0

Kernel Minimum Power Data:
kernel_min_power = 70.2039
gpu_min_IBP, = 0
gpu_min_ICP, = 0
gpu_min_DCP, = 0
gpu_min_TCP, = 0
gpu_min_CCP, = 0
gpu_min_SHRDP, = 0
gpu_min_RFP, = 0
gpu_min_INTP, = 0
gpu_min_FPUP, = 0
gpu_min_DPUP, = 0
gpu_min_INT_MUL24P, = 0
gpu_min_INT_MUL32P, = 0
gpu_min_INT_MULP, = 0
gpu_min_INT_DIVP, = 0
gpu_min_FP_MULP, = 0
gpu_min_FP_DIVP, = 0
gpu_min_FP_SQRTP, = 0
gpu_min_FP_LGP, = 0
gpu_min_FP_SINP, = 0
gpu_min_FP_EXP, = 0
gpu_min_DP_MULP, = 0
gpu_min_DP_DIVP, = 0
gpu_min_TENSORP, = 0
gpu_min_TEXP, = 0
gpu_min_SCHEDP, = 0
gpu_min_L2CP, = 0
gpu_min_MCP, = 0.55022
gpu_min_NOCP, = 0
gpu_min_DRAMP, = 0
gpu_min_PIPEP, = 0
gpu_min_IDLE_COREP, = 37.3285
gpu_min_CONSTP = 32.3252
gpu_min_STATICP = 0
gpu_min_TOT_INST, = 0
gpu_min_FP_INT, = 0
gpu_min_IC_H, = 0
gpu_min_IC_M, = 0
gpu_min_DC_RH, = 0
gpu_min_DC_RM, = 0
gpu_min_DC_WH, = 0
gpu_min_DC_WM, = 0
gpu_min_TC_H, = 0
gpu_min_TC_M, = 0
gpu_min_CC_H, = 0
gpu_min_CC_M, = 0
gpu_min_SHRD_ACC, = 0
gpu_min_REG_RD, = 0
gpu_min_REG_WR, = 0
gpu_min_NON_REG_OPs, = 0
gpu_min_INT_ACC, = 0
gpu_min_FPU_ACC, = 0
gpu_min_DPU_ACC, = 0
gpu_min_INT_MUL24_ACC, = 0
gpu_min_INT_MUL32_ACC, = 0
gpu_min_INT_MUL_ACC, = 0
gpu_min_INT_DIV_ACC, = 0
gpu_min_FP_MUL_ACC, = 0
gpu_min_FP_DIV_ACC, = 0
gpu_min_FP_SQRT_ACC, = 0
gpu_min_FP_LG_ACC, = 0
gpu_min_FP_SIN_ACC, = 0
gpu_min_FP_EXP_ACC, = 0
gpu_min_DP_MUL_ACC, = 0
gpu_min_DP_DIV_ACC, = 0
gpu_min_TENSOR_ACC, = 0
gpu_min_TEX_ACC, = 0
gpu_min_MEM_RD, = 0
gpu_min_MEM_WR, = 0
gpu_min_MEM_PRE, = 0
gpu_min_L2_RH, = 0
gpu_min_L2_RM, = 0
gpu_min_L2_WH, = 0
gpu_min_L2_WM, = 0
gpu_min_NOC_A, = 0
gpu_min_PIPE_A, = 0
gpu_min_IDLE_CORE_N, = 132
gpu_min_constant_power = 0

Accumulative Power Statistics Over Previous Kernels:
gpu_tot_avg_power = 74.6711
gpu_tot_max_power = 129.93
gpu_tot_min_power = 58.0819


kernel_name = nvjet_sm90_tst_64x8_64x16_4x2_h_bz_TNT 
kernel_launch_uid = 7 

Kernel Average Power Data:
kernel_avg_power = 81.4043
gpu_avg_IBP, = 0.270752
gpu_avg_ICP, = 0
gpu_avg_DCP, = 0
gpu_avg_TCP, = 0
gpu_avg_CCP, = 0.00194183
gpu_avg_SHRDP, = 0.246008
gpu_avg_RFP, = 0
gpu_avg_INTP, = 5.22051
gpu_avg_FPUP, = 0.0219993
gpu_avg_DPUP, = 0
gpu_avg_INT_MUL24P, = 0
gpu_avg_INT_MUL32P, = 0
gpu_avg_INT_MULP, = 0.461711
gpu_avg_INT_DIVP, = 0
gpu_avg_FP_MULP, = 0
gpu_avg_FP_DIVP, = 0
gpu_avg_FP_SQRTP, = 0
gpu_avg_FP_LGP, = 0
gpu_avg_FP_SINP, = 0
gpu_avg_FP_EXP, = 0
gpu_avg_DP_MULP, = 0
gpu_avg_DP_DIVP, = 0
gpu_avg_TENSORP, = 0
gpu_avg_TEXP, = 0
gpu_avg_SCHEDP, = 0.779012
gpu_avg_L2CP, = 0.0822633
gpu_avg_MCP, = 0.550429
gpu_avg_NOCP, = 4.12429
gpu_avg_DRAMP, = 0
gpu_avg_PIPEP, = 0.625951
gpu_avg_IDLE_COREP, = 32.7607
gpu_avg_CONSTP = 32.3252
gpu_avg_STATICP = 3.93355
gpu_avg_TOT_INST, = 11631.1
gpu_avg_FP_INT, = 11364.2
gpu_avg_IC_H, = 0
gpu_avg_IC_M, = 0
gpu_avg_DC_RH, = 0
gpu_avg_DC_RM, = 0
gpu_avg_DC_WH, = 0
gpu_avg_DC_WM, = 0
gpu_avg_TC_H, = 0
gpu_avg_TC_M, = 0
gpu_avg_CC_H, = 88.9231
gpu_avg_CC_M, = 0
gpu_avg_SHRD_ACC, = 551.692
gpu_avg_REG_RD, = 0
gpu_avg_REG_WR, = 0
gpu_avg_NON_REG_OPs, = 0
gpu_avg_INT_ACC, = 2.85428e+06
gpu_avg_FPU_ACC, = 294.66
gpu_avg_DPU_ACC, = 0
gpu_avg_INT_MUL24_ACC, = 0
gpu_avg_INT_MUL32_ACC, = 0
gpu_avg_INT_MUL_ACC, = 3014.79
gpu_avg_INT_DIV_ACC, = 0
gpu_avg_FP_MUL_ACC, = 0
gpu_avg_FP_DIV_ACC, = 0
gpu_avg_FP_SQRT_ACC, = 0
gpu_avg_FP_LG_ACC, = 0
gpu_avg_FP_SIN_ACC, = 0
gpu_avg_FP_EXP_ACC, = 0
gpu_avg_DP_MUL_ACC, = 0
gpu_avg_DP_DIV_ACC, = 0
gpu_avg_TENSOR_ACC, = 0
gpu_avg_TEX_ACC, = 0
gpu_avg_MEM_RD, = 0
gpu_avg_MEM_WR, = 0
gpu_avg_MEM_PRE, = 0
gpu_avg_L2_RH, = 50.2308
gpu_avg_L2_RM, = 3859.69
gpu_avg_L2_WH, = 0.0769231
gpu_avg_L2_WM, = 0
gpu_avg_NOC_A, = 12096.1
gpu_avg_PIPE_A, = 0.019146
gpu_avg_IDLE_CORE_N, = 115.847
gpu_avg_constant_power = 0
gpu_avg_threads_per_warp = 14.9404
gpu_tot_TOT_INST, = 151204
gpu_tot_FP_INT, = 147734
gpu_tot_IC_H, = 0
gpu_tot_IC_M, = 0
gpu_tot_DC_RH, = 0
gpu_tot_DC_RM, = 0
gpu_tot_DC_WH, = 0
gpu_tot_DC_WM, = 0
gpu_tot_TC_H, = 0
gpu_tot_TC_M, = 0
gpu_tot_CC_H, = 1156
gpu_tot_CC_M, = 0
gpu_tot_SHRD_ACC, = 7172
gpu_tot_REG_RD, = 0
gpu_tot_REG_WR, = 0
gpu_tot_NON_REG_OPs, = 0
gpu_tot_INT_ACC, = 3.71057e+07
gpu_tot_FPU_ACC, = 3830.58
gpu_tot_DPU_ACC, = 0
gpu_tot_INT_MUL24_ACC, = 0
gpu_tot_INT_MUL32_ACC, = 0
gpu_tot_INT_MUL_ACC, = 39192.3
gpu_tot_INT_DIV_ACC, = 0
gpu_tot_FP_MUL_ACC, = 0
gpu_tot_FP_DIV_ACC, = 0
gpu_tot_FP_SQRT_ACC, = 0
gpu_tot_FP_LG_ACC, = 0
gpu_tot_FP_SIN_ACC, = 0
gpu_tot_FP_EXP_ACC, = 0
gpu_tot_DP_MUL_ACC, = 0
gpu_tot_DP_DIV_ACC, = 0
gpu_tot_TENSOR_ACC, = 0
gpu_tot_TEX_ACC, = 0
gpu_tot_MEM_RD, = 0
gpu_tot_MEM_WR, = 0
gpu_tot_MEM_PRE, = 0
gpu_tot_L2_RH, = 653
gpu_tot_L2_RM, = 50176
gpu_tot_L2_WH, = 1
gpu_tot_L2_WM, = 0
gpu_tot_NOC_A, = 157249
gpu_tot_PIPE_A, = 0.248899
gpu_tot_IDLE_CORE_N, = 1506.02
gpu_tot_constant_power = 0

Kernel Maximum Power Data:
kernel_max_power = 103.948
gpu_max_IBP, = 0.559075
gpu_max_ICP, = 0
gpu_max_DCP, = 0
gpu_max_TCP, = 0
gpu_max_CCP, = 0
gpu_max_SHRDP, = 0.630525
gpu_max_RFP, = 0
gpu_max_INTP, = 11.1183
gpu_max_FPUP, = 0
gpu_max_DPUP, = 0
gpu_max_INT_MUL24P, = 0
gpu_max_INT_MUL32P, = 0
gpu_max_INT_MULP, = 0.503431
gpu_max_INT_DIVP, = 0
gpu_max_FP_MULP, = 0
gpu_max_FP_DIVP, = 0
gpu_max_FP_SQRTP, = 0
gpu_max_FP_LGP, = 0
gpu_max_FP_SINP, = 0
gpu_max_FP_EXP, = 0
gpu_max_DP_MULP, = 0
gpu_max_DP_DIVP, = 0
gpu_max_TENSORP, = 0
gpu_max_TEXP, = 0
gpu_max_SCHEDP, = 1.6112
gpu_max_L2CP, = 0.400716
gpu_max_MCP, = 0.55022
gpu_max_NOCP, = 19.1327
gpu_max_DRAMP, = 0
gpu_max_PIPEP, = 1.29349
gpu_max_IDLE_COREP, = 28.2792
gpu_max_CONSTP = 32.3252
gpu_max_STATICP = 7.54392
gpu_max_TOT_INST, = 24017
gpu_max_FP_INT, = 23504
gpu_max_IC_H, = 0
gpu_max_IC_M, = 0
gpu_max_DC_RH, = 0
gpu_max_DC_RM, = 0
gpu_max_DC_WH, = 0
gpu_max_DC_WM, = 0
gpu_max_TC_H, = 0
gpu_max_TC_M, = 0
gpu_max_CC_H, = 0
gpu_max_CC_M, = 0
gpu_max_SHRD_ACC, = 1414
gpu_max_REG_RD, = 0
gpu_max_REG_WR, = 0
gpu_max_NON_REG_OPs, = 0
gpu_max_INT_ACC, = 6.07885e+06
gpu_max_FPU_ACC, = 0
gpu_max_DPU_ACC, = 0
gpu_max_INT_MUL24_ACC, = 0
gpu_max_INT_MUL32_ACC, = 0
gpu_max_INT_MUL_ACC, = 3287.2
gpu_max_INT_DIV_ACC, = 0
gpu_max_FP_MUL_ACC, = 0
gpu_max_FP_DIV_ACC, = 0
gpu_max_FP_SQRT_ACC, = 0
gpu_max_FP_LG_ACC, = 0
gpu_max_FP_SIN_ACC, = 0
gpu_max_FP_EXP_ACC, = 0
gpu_max_DP_MUL_ACC, = 0
gpu_max_DP_DIV_ACC, = 0
gpu_max_TENSOR_ACC, = 0
gpu_max_TEX_ACC, = 0
gpu_max_MEM_RD, = 0
gpu_max_MEM_WR, = 0
gpu_max_MEM_PRE, = 0
gpu_max_L2_RH, = 273
gpu_max_L2_RM, = 18389
gpu_max_L2_WH, = 0
gpu_max_L2_WM, = 0
gpu_max_NOC_A, = 56114
gpu_max_PIPE_A, = 0.039564
gpu_max_IDLE_CORE_N, = 100
gpu_max_constant_power = 0

Kernel Minimum Power Data:
kernel_min_power = 70.1968
gpu_min_IBP, = 0
gpu_min_ICP, = 0
gpu_min_DCP, = 0
gpu_min_TCP, = 0
gpu_min_CCP, = 0
gpu_min_SHRDP, = 0
gpu_min_RFP, = 0
gpu_min_INTP, = 0
gpu_min_FPUP, = 0
gpu_min_DPUP, = 0
gpu_min_INT_MUL24P, = 0
gpu_min_INT_MUL32P, = 0
gpu_min_INT_MULP, = 0
gpu_min_INT_DIVP, = 0
gpu_min_FP_MULP, = 0
gpu_min_FP_DIVP, = 0
gpu_min_FP_SQRTP, = 0
gpu_min_FP_LGP, = 0
gpu_min_FP_SINP, = 0
gpu_min_FP_EXP, = 0
gpu_min_DP_MULP, = 0
gpu_min_DP_DIVP, = 0
gpu_min_TENSORP, = 0
gpu_min_TEXP, = 0
gpu_min_SCHEDP, = 0
gpu_min_L2CP, = 0.00106817
gpu_min_MCP, = 0.55022
gpu_min_NOCP, = 0.000340961
gpu_min_DRAMP, = 0
gpu_min_PIPEP, = 0
gpu_min_IDLE_COREP, = 37.2018
gpu_min_CONSTP = 32.3252
gpu_min_STATICP = 0.118091
gpu_min_TOT_INST, = 0
gpu_min_FP_INT, = 0
gpu_min_IC_H, = 0
gpu_min_IC_M, = 0
gpu_min_DC_RH, = 0
gpu_min_DC_RM, = 0
gpu_min_DC_WH, = 0
gpu_min_DC_WM, = 0
gpu_min_TC_H, = 0
gpu_min_TC_M, = 0
gpu_min_CC_H, = 0
gpu_min_CC_M, = 0
gpu_min_SHRD_ACC, = 0
gpu_min_REG_RD, = 0
gpu_min_REG_WR, = 0
gpu_min_NON_REG_OPs, = 0
gpu_min_INT_ACC, = 0
gpu_min_FPU_ACC, = 0
gpu_min_DPU_ACC, = 0
gpu_min_INT_MUL24_ACC, = 0
gpu_min_INT_MUL32_ACC, = 0
gpu_min_INT_MUL_ACC, = 0
gpu_min_INT_DIV_ACC, = 0
gpu_min_FP_MUL_ACC, = 0
gpu_min_FP_DIV_ACC, = 0
gpu_min_FP_SQRT_ACC, = 0
gpu_min_FP_LG_ACC, = 0
gpu_min_FP_SIN_ACC, = 0
gpu_min_FP_EXP_ACC, = 0
gpu_min_DP_MUL_ACC, = 0
gpu_min_DP_DIV_ACC, = 0
gpu_min_TENSOR_ACC, = 0
gpu_min_TEX_ACC, = 0
gpu_min_MEM_RD, = 0
gpu_min_MEM_WR, = 0
gpu_min_MEM_PRE, = 0
gpu_min_L2_RH, = 0
gpu_min_L2_RM, = 0
gpu_min_L2_WH, = 1
gpu_min_L2_WM, = 0
gpu_min_NOC_A, = 1
gpu_min_PIPE_A, = 0
gpu_min_IDLE_CORE_N, = 131.552
gpu_min_constant_power = 0

Accumulative Power Statistics Over Previous Kernels:
gpu_tot_avg_power = 75.5829
gpu_tot_max_power = 129.93
gpu_tot_min_power = 58.0819


kernel_name = _ZN4vllm25fused_add_rms_norm_kernelIN3c108BFloat16ELi8ELb1EEENSt9enable_ifIXaagtT0_Li0Esr4vllm12_typeConvertIT_EE6existsEvE4typeEPS4_lS7_PKS4_fiil 
kernel_launch_uid = 8 

Kernel Average Power Data:
kernel_avg_power = 72.3788
gpu_avg_IBP, = 0.0595052
gpu_avg_ICP, = 0
gpu_avg_DCP, = 0.283117
gpu_avg_TCP, = 0
gpu_avg_CCP, = 0.00123744
gpu_avg_SHRDP, = 0.0344099
gpu_avg_RFP, = 0
gpu_avg_INTP, = 0.78079
gpu_avg_FPUP, = 0.172252
gpu_avg_DPUP, = 0
gpu_avg_INT_MUL24P, = 0
gpu_avg_INT_MUL32P, = 0
gpu_avg_INT_MULP, = 0.13587
gpu_avg_INT_DIVP, = 0
gpu_avg_FP_MULP, = 0.0346049
gpu_avg_FP_DIVP, = 0
gpu_avg_FP_SQRTP, = 2.48981e-05
gpu_avg_FP_LGP, = 0
gpu_avg_FP_SINP, = 0
gpu_avg_FP_EXP, = 4.62055e-05
gpu_avg_DP_MULP, = 0
gpu_avg_DP_DIVP, = 0
gpu_avg_TENSORP, = 0
gpu_avg_TEXP, = 0
gpu_avg_SCHEDP, = 0.166616
gpu_avg_L2CP, = 0.146336
gpu_avg_MCP, = 0.593298
gpu_avg_NOCP, = 0.286407
gpu_avg_DRAMP, = 0
gpu_avg_PIPEP, = 0.133528
gpu_avg_IDLE_COREP, = 35.6431
gpu_avg_CONSTP = 32.3252
gpu_avg_STATICP = 1.58245
gpu_avg_TOT_INST, = 2556.25
gpu_avg_FP_INT, = 2430.58
gpu_avg_IC_H, = 0
gpu_avg_IC_M, = 0
gpu_avg_DC_RH, = 93.3333
gpu_avg_DC_RM, = 93.3333
gpu_avg_DC_WH, = 93.3333
gpu_avg_DC_WM, = 0
gpu_avg_TC_H, = 0
gpu_avg_TC_M, = 0
gpu_avg_CC_H, = 56.6667
gpu_avg_CC_M, = 0
gpu_avg_SHRD_ACC, = 77.1667
gpu_avg_REG_RD, = 0
gpu_avg_REG_WR, = 0
gpu_avg_NON_REG_OPs, = 0
gpu_avg_INT_ACC, = 426892
gpu_avg_FPU_ACC, = 2307.16
gpu_avg_DPU_ACC, = 0
gpu_avg_INT_MUL24_ACC, = 0
gpu_avg_INT_MUL32_ACC, = 0
gpu_avg_INT_MUL_ACC, = 887.176
gpu_avg_INT_DIV_ACC, = 0
gpu_avg_FP_MUL_ACC, = 225.956
gpu_avg_FP_DIV_ACC, = 0
gpu_avg_FP_SQRT_ACC, = 0.162574
gpu_avg_FP_LG_ACC, = 0
gpu_avg_FP_SIN_ACC, = 0
gpu_avg_FP_EXP_ACC, = 0.301703
gpu_avg_DP_MUL_ACC, = 0
gpu_avg_DP_DIV_ACC, = 0
gpu_avg_TENSOR_ACC, = 0
gpu_avg_TEX_ACC, = 0
gpu_avg_MEM_RD, = 0
gpu_avg_MEM_WR, = 0
gpu_avg_MEM_PRE, = 0
gpu_avg_L2_RH, = 81.3333
gpu_avg_L2_RM, = 26
gpu_avg_L2_WH, = 93.3333
gpu_avg_L2_WM, = 46.6667
gpu_avg_NOC_A, = 840
gpu_avg_PIPE_A, = 0.00408424
gpu_avg_IDLE_CORE_N, = 126.04
gpu_avg_constant_power = 0
gpu_avg_threads_per_warp = 15.6447
gpu_tot_TOT_INST, = 30675
gpu_tot_FP_INT, = 29167
gpu_tot_IC_H, = 0
gpu_tot_IC_M, = 0
gpu_tot_DC_RH, = 1120
gpu_tot_DC_RM, = 1120
gpu_tot_DC_WH, = 1120
gpu_tot_DC_WM, = 0
gpu_tot_TC_H, = 0
gpu_tot_TC_M, = 0
gpu_tot_CC_H, = 680
gpu_tot_CC_M, = 0
gpu_tot_SHRD_ACC, = 926
gpu_tot_REG_RD, = 0
gpu_tot_REG_WR, = 0
gpu_tot_NON_REG_OPs, = 0
gpu_tot_INT_ACC, = 5.1227e+06
gpu_tot_FPU_ACC, = 27685.9
gpu_tot_DPU_ACC, = 0
gpu_tot_INT_MUL24_ACC, = 0
gpu_tot_INT_MUL32_ACC, = 0
gpu_tot_INT_MUL_ACC, = 10646.1
gpu_tot_INT_DIV_ACC, = 0
gpu_tot_FP_MUL_ACC, = 2711.47
gpu_tot_FP_DIV_ACC, = 0
gpu_tot_FP_SQRT_ACC, = 1.95089
gpu_tot_FP_LG_ACC, = 0
gpu_tot_FP_SIN_ACC, = 0
gpu_tot_FP_EXP_ACC, = 3.62044
gpu_tot_DP_MUL_ACC, = 0
gpu_tot_DP_DIV_ACC, = 0
gpu_tot_TENSOR_ACC, = 0
gpu_tot_TEX_ACC, = 0
gpu_tot_MEM_RD, = 0
gpu_tot_MEM_WR, = 0
gpu_tot_MEM_PRE, = 0
gpu_tot_L2_RH, = 976
gpu_tot_L2_RM, = 312
gpu_tot_L2_WH, = 1120
gpu_tot_L2_WM, = 560
gpu_tot_NOC_A, = 10080
gpu_tot_PIPE_A, = 0.0490109
gpu_tot_IDLE_CORE_N, = 1512.48
gpu_tot_constant_power = 0

Kernel Maximum Power Data:
kernel_max_power = 80.9693
gpu_max_IBP, = 0.270494
gpu_max_ICP, = 0
gpu_max_DCP, = 1.62649
gpu_max_TCP, = 0
gpu_max_CCP, = 0.00611441
gpu_max_SHRDP, = 0.10702
gpu_max_RFP, = 0
gpu_max_INTP, = 5.06147
gpu_max_FPUP, = 1.22432
gpu_max_DPUP, = 0
gpu_max_INT_MUL24P, = 0
gpu_max_INT_MUL32P, = 0
gpu_max_INT_MULP, = 0.518943
gpu_max_INT_DIVP, = 0
gpu_max_FP_MULP, = 0.0153546
gpu_max_FP_DIVP, = 0
gpu_max_FP_SQRTP, = 0
gpu_max_FP_LGP, = 0
gpu_max_FP_SINP, = 0
gpu_max_FP_EXP, = 0
gpu_max_DP_MULP, = 0
gpu_max_DP_DIVP, = 0
gpu_max_TENSORP, = 0
gpu_max_TEXP, = 0
gpu_max_SCHEDP, = 0.760904
gpu_max_L2CP, = 0.0114585
gpu_max_MCP, = 0.79801
gpu_max_NOCP, = 0.402334
gpu_max_DRAMP, = 0
gpu_max_PIPEP, = 0.610371
gpu_max_IDLE_COREP, = 34.5006
gpu_max_CONSTP = 32.3252
gpu_max_STATICP = 2.73024
gpu_max_TOT_INST, = 11620
gpu_max_FP_INT, = 11100
gpu_max_IC_H, = 0
gpu_max_IC_M, = 0
gpu_max_DC_RH, = 560
gpu_max_DC_RM, = 560
gpu_max_DC_WH, = 0
gpu_max_DC_WM, = 0
gpu_max_TC_H, = 0
gpu_max_TC_M, = 0
gpu_max_CC_H, = 280
gpu_max_CC_M, = 0
gpu_max_SHRD_ACC, = 240
gpu_max_REG_RD, = 0
gpu_max_REG_WR, = 0
gpu_max_NON_REG_OPs, = 0
gpu_max_INT_ACC, = 2.76733e+06
gpu_max_FPU_ACC, = 16398.6
gpu_max_DPU_ACC, = 0
gpu_max_INT_MUL24_ACC, = 0
gpu_max_INT_MUL32_ACC, = 0
gpu_max_INT_MUL_ACC, = 3388.49
gpu_max_INT_DIV_ACC, = 0
gpu_max_FP_MUL_ACC, = 100.259
gpu_max_FP_DIV_ACC, = 0
gpu_max_FP_SQRT_ACC, = 0
gpu_max_FP_LG_ACC, = 0
gpu_max_FP_SIN_ACC, = 0
gpu_max_FP_EXP_ACC, = 0
gpu_max_DP_MUL_ACC, = 0
gpu_max_DP_DIV_ACC, = 0
gpu_max_TENSOR_ACC, = 0
gpu_max_TEX_ACC, = 0
gpu_max_MEM_RD, = 0
gpu_max_MEM_WR, = 0
gpu_max_MEM_PRE, = 0
gpu_max_L2_RH, = 42
gpu_max_L2_RM, = 1
gpu_max_L2_WH, = 0
gpu_max_L2_WM, = 0
gpu_max_NOC_A, = 1180
gpu_max_PIPE_A, = 0.0186695
gpu_max_IDLE_CORE_N, = 122
gpu_max_constant_power = 0

Kernel Minimum Power Data:
kernel_min_power = 70.2039
gpu_min_IBP, = 0
gpu_min_ICP, = 0
gpu_min_DCP, = 0
gpu_min_TCP, = 0
gpu_min_CCP, = 0
gpu_min_SHRDP, = 0
gpu_min_RFP, = 0
gpu_min_INTP, = 0
gpu_min_FPUP, = 0
gpu_min_DPUP, = 0
gpu_min_INT_MUL24P, = 0
gpu_min_INT_MUL32P, = 0
gpu_min_INT_MULP, = 0
gpu_min_INT_DIVP, = 0
gpu_min_FP_MULP, = 0
gpu_min_FP_DIVP, = 0
gpu_min_FP_SQRTP, = 0
gpu_min_FP_LGP, = 0
gpu_min_FP_SINP, = 0
gpu_min_FP_EXP, = 0
gpu_min_DP_MULP, = 0
gpu_min_DP_DIVP, = 0
gpu_min_TENSORP, = 0
gpu_min_TEXP, = 0
gpu_min_SCHEDP, = 0
gpu_min_L2CP, = 0
gpu_min_MCP, = 0.55022
gpu_min_NOCP, = 0
gpu_min_DRAMP, = 0
gpu_min_PIPEP, = 0
gpu_min_IDLE_COREP, = 37.3285
gpu_min_CONSTP = 32.3252
gpu_min_STATICP = 0
gpu_min_TOT_INST, = 0
gpu_min_FP_INT, = 0
gpu_min_IC_H, = 0
gpu_min_IC_M, = 0
gpu_min_DC_RH, = 0
gpu_min_DC_RM, = 0
gpu_min_DC_WH, = 0
gpu_min_DC_WM, = 0
gpu_min_TC_H, = 0
gpu_min_TC_M, = 0
gpu_min_CC_H, = 0
gpu_min_CC_M, = 0
gpu_min_SHRD_ACC, = 0
gpu_min_REG_RD, = 0
gpu_min_REG_WR, = 0
gpu_min_NON_REG_OPs, = 0
gpu_min_INT_ACC, = 0
gpu_min_FPU_ACC, = 0
gpu_min_DPU_ACC, = 0
gpu_min_INT_MUL24_ACC, = 0
gpu_min_INT_MUL32_ACC, = 0
gpu_min_INT_MUL_ACC, = 0
gpu_min_INT_DIV_ACC, = 0
gpu_min_FP_MUL_ACC, = 0
gpu_min_FP_DIV_ACC, = 0
gpu_min_FP_SQRT_ACC, = 0
gpu_min_FP_LG_ACC, = 0
gpu_min_FP_SIN_ACC, = 0
gpu_min_FP_EXP_ACC, = 0
gpu_min_DP_MUL_ACC, = 0
gpu_min_DP_DIV_ACC, = 0
gpu_min_TENSOR_ACC, = 0
gpu_min_TEX_ACC, = 0
gpu_min_MEM_RD, = 0
gpu_min_MEM_WR, = 0
gpu_min_MEM_PRE, = 0
gpu_min_L2_RH, = 0
gpu_min_L2_RM, = 0
gpu_min_L2_WH, = 0
gpu_min_L2_WM, = 0
gpu_min_NOC_A, = 0
gpu_min_PIPE_A, = 0
gpu_min_IDLE_CORE_N, = 132
gpu_min_constant_power = 0

Accumulative Power Statistics Over Previous Kernels:
gpu_tot_avg_power = 75.2269
gpu_tot_max_power = 129.93
gpu_tot_min_power = 58.0819


kernel_name = nvjet_sm90_tst_128x16_64x11_4x1_v_bz_TNT 
kernel_launch_uid = 9 

Kernel Average Power Data:
kernel_avg_power = 95.4159
gpu_avg_IBP, = 0.312028
gpu_avg_ICP, = 0
gpu_avg_DCP, = 0
gpu_avg_TCP, = 0
gpu_avg_CCP, = 0.00182307
gpu_avg_SHRDP, = 0.224904
gpu_avg_RFP, = 0
gpu_avg_INTP, = 6.2206
gpu_avg_FPUP, = 0.104917
gpu_avg_DPUP, = 0
gpu_avg_INT_MUL24P, = 0
gpu_avg_INT_MUL32P, = 0
gpu_avg_INT_MULP, = 0.478665
gpu_avg_INT_DIVP, = 0
gpu_avg_FP_MULP, = 0
gpu_avg_FP_DIVP, = 0
gpu_avg_FP_SQRTP, = 0
gpu_avg_FP_LGP, = 0
gpu_avg_FP_SINP, = 0
gpu_avg_FP_EXP, = 0
gpu_avg_DP_MULP, = 0
gpu_avg_DP_DIVP, = 0
gpu_avg_TENSORP, = 0
gpu_avg_TEXP, = 0
gpu_avg_SCHEDP, = 0.890422
gpu_avg_L2CP, = 0.415767
gpu_avg_MCP, = 0.550416
gpu_avg_NOCP, = 17.401
gpu_avg_DRAMP, = 0
gpu_avg_PIPEP, = 0.777372
gpu_avg_IDLE_COREP, = 21.9929
gpu_avg_CONSTP = 32.3252
gpu_avg_STATICP = 13.7198
gpu_avg_TOT_INST, = 13404.2
gpu_avg_FP_INT, = 12989.4
gpu_avg_IC_H, = 0
gpu_avg_IC_M, = 0
gpu_avg_DC_RH, = 0
gpu_avg_DC_RM, = 0
gpu_avg_DC_WH, = 0
gpu_avg_DC_WM, = 0
gpu_avg_TC_H, = 0
gpu_avg_TC_M, = 0
gpu_avg_CC_H, = 83.4848
gpu_avg_CC_M, = 0
gpu_avg_SHRD_ACC, = 504.364
gpu_avg_REG_RD, = 0
gpu_avg_REG_WR, = 0
gpu_avg_NON_REG_OPs, = 0
gpu_avg_INT_ACC, = 3.40107e+06
gpu_avg_FPU_ACC, = 1405.26
gpu_avg_DPU_ACC, = 0
gpu_avg_INT_MUL24_ACC, = 0
gpu_avg_INT_MUL32_ACC, = 0
gpu_avg_INT_MUL_ACC, = 3125.49
gpu_avg_INT_DIV_ACC, = 0
gpu_avg_FP_MUL_ACC, = 0
gpu_avg_FP_DIV_ACC, = 0
gpu_avg_FP_SQRT_ACC, = 0
gpu_avg_FP_LG_ACC, = 0
gpu_avg_FP_SIN_ACC, = 0
gpu_avg_FP_EXP_ACC, = 0
gpu_avg_DP_MUL_ACC, = 0
gpu_avg_DP_DIV_ACC, = 0
gpu_avg_TENSOR_ACC, = 0
gpu_avg_TEX_ACC, = 0
gpu_avg_MEM_RD, = 0
gpu_avg_MEM_WR, = 0
gpu_avg_MEM_PRE, = 0
gpu_avg_L2_RH, = 119.667
gpu_avg_L2_RM, = 16508.1
gpu_avg_L2_WH, = 0
gpu_avg_L2_WM, = 175.212
gpu_avg_NOC_A, = 51035.1
gpu_avg_PIPE_A, = 0.0237776
gpu_avg_IDLE_CORE_N, = 77.7708
gpu_avg_constant_power = 0
gpu_avg_threads_per_warp = 23.6575
gpu_tot_TOT_INST, = 442340
gpu_tot_FP_INT, = 428650
gpu_tot_IC_H, = 0
gpu_tot_IC_M, = 0
gpu_tot_DC_RH, = 0
gpu_tot_DC_RM, = 0
gpu_tot_DC_WH, = 0
gpu_tot_DC_WM, = 0
gpu_tot_TC_H, = 0
gpu_tot_TC_M, = 0
gpu_tot_CC_H, = 2755
gpu_tot_CC_M, = 0
gpu_tot_SHRD_ACC, = 16644
gpu_tot_REG_RD, = 0
gpu_tot_REG_WR, = 0
gpu_tot_NON_REG_OPs, = 0
gpu_tot_INT_ACC, = 1.12235e+08
gpu_tot_FPU_ACC, = 46373.7
gpu_tot_DPU_ACC, = 0
gpu_tot_INT_MUL24_ACC, = 0
gpu_tot_INT_MUL32_ACC, = 0
gpu_tot_INT_MUL_ACC, = 103141
gpu_tot_INT_DIV_ACC, = 0
gpu_tot_FP_MUL_ACC, = 0
gpu_tot_FP_DIV_ACC, = 0
gpu_tot_FP_SQRT_ACC, = 0
gpu_tot_FP_LG_ACC, = 0
gpu_tot_FP_SIN_ACC, = 0
gpu_tot_FP_EXP_ACC, = 0
gpu_tot_DP_MUL_ACC, = 0
gpu_tot_DP_DIV_ACC, = 0
gpu_tot_TENSOR_ACC, = 0
gpu_tot_TEX_ACC, = 0
gpu_tot_MEM_RD, = 0
gpu_tot_MEM_WR, = 0
gpu_tot_MEM_PRE, = 0
gpu_tot_L2_RH, = 3949
gpu_tot_L2_RM, = 544768
gpu_tot_L2_WH, = 0
gpu_tot_L2_WM, = 5782
gpu_tot_NOC_A, = 1.68416e+06
gpu_tot_PIPE_A, = 0.78466
gpu_tot_IDLE_CORE_N, = 2566.44
gpu_tot_constant_power = 0

Kernel Maximum Power Data:
kernel_max_power = 161.109
gpu_max_IBP, = 2.87929
gpu_max_ICP, = 0
gpu_max_DCP, = 0
gpu_max_TCP, = 0
gpu_max_CCP, = 0.0203304
gpu_max_SHRDP, = 1.05058
gpu_max_RFP, = 0
gpu_max_INTP, = 55.2382
gpu_max_FPUP, = 0
gpu_max_DPUP, = 0
gpu_max_INT_MUL24P, = 0
gpu_max_INT_MUL32P, = 0
gpu_max_INT_MULP, = 8.87928
gpu_max_INT_DIVP, = 0
gpu_max_FP_MULP, = 0
gpu_max_FP_DIVP, = 0
gpu_max_FP_SQRTP, = 0
gpu_max_FP_LGP, = 0
gpu_max_FP_SINP, = 0
gpu_max_FP_EXP, = 0
gpu_max_DP_MULP, = 0
gpu_max_DP_DIVP, = 0
gpu_max_TENSORP, = 0
gpu_max_TEXP, = 0
gpu_max_SCHEDP, = 8.33306
gpu_max_L2CP, = 0
gpu_max_MCP, = 0.552408
gpu_max_NOCP, = 11.1944
gpu_max_DRAMP, = 0
gpu_max_PIPEP, = 6.86912
gpu_max_IDLE_COREP, = 15.9223
gpu_max_CONSTP = 32.3252
gpu_max_STATICP = 17.8451
gpu_max_TOT_INST, = 123690
gpu_max_FP_INT, = 121562
gpu_max_IC_H, = 0
gpu_max_IC_M, = 0
gpu_max_DC_RH, = 0
gpu_max_DC_RM, = 0
gpu_max_DC_WH, = 0
gpu_max_DC_WM, = 0
gpu_max_TC_H, = 0
gpu_max_TC_M, = 0
gpu_max_CC_H, = 931
gpu_max_CC_M, = 0
gpu_max_SHRD_ACC, = 2356
gpu_max_REG_RD, = 0
gpu_max_REG_WR, = 0
gpu_max_NON_REG_OPs, = 0
gpu_max_INT_ACC, = 3.02011e+07
gpu_max_FPU_ACC, = 0
gpu_max_DPU_ACC, = 0
gpu_max_INT_MUL24_ACC, = 0
gpu_max_INT_MUL32_ACC, = 0
gpu_max_INT_MUL_ACC, = 57978.1
gpu_max_INT_DIV_ACC, = 0
gpu_max_FP_MUL_ACC, = 0
gpu_max_FP_DIV_ACC, = 0
gpu_max_FP_SQRT_ACC, = 0
gpu_max_FP_LG_ACC, = 0
gpu_max_FP_SIN_ACC, = 0
gpu_max_FP_EXP_ACC, = 0
gpu_max_DP_MUL_ACC, = 0
gpu_max_DP_DIV_ACC, = 0
gpu_max_TENSOR_ACC, = 0
gpu_max_TEX_ACC, = 0
gpu_max_MEM_RD, = 0
gpu_max_MEM_WR, = 0
gpu_max_MEM_PRE, = 0
gpu_max_L2_RH, = 0
gpu_max_L2_RM, = 0
gpu_max_L2_WH, = 0
gpu_max_L2_WM, = 0
gpu_max_NOC_A, = 32832
gpu_max_PIPE_A, = 0.210107
gpu_max_IDLE_CORE_N, = 56.304
gpu_max_constant_power = 0

Kernel Minimum Power Data:
kernel_min_power = 70.2039
gpu_min_IBP, = 0
gpu_min_ICP, = 0
gpu_min_DCP, = 0
gpu_min_TCP, = 0
gpu_min_CCP, = 0
gpu_min_SHRDP, = 0
gpu_min_RFP, = 0
gpu_min_INTP, = 0
gpu_min_FPUP, = 0
gpu_min_DPUP, = 0
gpu_min_INT_MUL24P, = 0
gpu_min_INT_MUL32P, = 0
gpu_min_INT_MULP, = 0
gpu_min_INT_DIVP, = 0
gpu_min_FP_MULP, = 0
gpu_min_FP_DIVP, = 0
gpu_min_FP_SQRTP, = 0
gpu_min_FP_LGP, = 0
gpu_min_FP_SINP, = 0
gpu_min_FP_EXP, = 0
gpu_min_DP_MULP, = 0
gpu_min_DP_DIVP, = 0
gpu_min_TENSORP, = 0
gpu_min_TEXP, = 0
gpu_min_SCHEDP, = 0
gpu_min_L2CP, = 0
gpu_min_MCP, = 0.55022
gpu_min_NOCP, = 0
gpu_min_DRAMP, = 0
gpu_min_PIPEP, = 0
gpu_min_IDLE_COREP, = 37.3285
gpu_min_CONSTP = 32.3252
gpu_min_STATICP = 0
gpu_min_TOT_INST, = 0
gpu_min_FP_INT, = 0
gpu_min_IC_H, = 0
gpu_min_IC_M, = 0
gpu_min_DC_RH, = 0
gpu_min_DC_RM, = 0
gpu_min_DC_WH, = 0
gpu_min_DC_WM, = 0
gpu_min_TC_H, = 0
gpu_min_TC_M, = 0
gpu_min_CC_H, = 0
gpu_min_CC_M, = 0
gpu_min_SHRD_ACC, = 0
gpu_min_REG_RD, = 0
gpu_min_REG_WR, = 0
gpu_min_NON_REG_OPs, = 0
gpu_min_INT_ACC, = 0
gpu_min_FPU_ACC, = 0
gpu_min_DPU_ACC, = 0
gpu_min_INT_MUL24_ACC, = 0
gpu_min_INT_MUL32_ACC, = 0
gpu_min_INT_MUL_ACC, = 0
gpu_min_INT_DIV_ACC, = 0
gpu_min_FP_MUL_ACC, = 0
gpu_min_FP_DIV_ACC, = 0
gpu_min_FP_SQRT_ACC, = 0
gpu_min_FP_LG_ACC, = 0
gpu_min_FP_SIN_ACC, = 0
gpu_min_FP_EXP_ACC, = 0
gpu_min_DP_MUL_ACC, = 0
gpu_min_DP_DIV_ACC, = 0
gpu_min_TENSOR_ACC, = 0
gpu_min_TEX_ACC, = 0
gpu_min_MEM_RD, = 0
gpu_min_MEM_WR, = 0
gpu_min_MEM_PRE, = 0
gpu_min_L2_RH, = 0
gpu_min_L2_RM, = 0
gpu_min_L2_WH, = 0
gpu_min_L2_WM, = 0
gpu_min_NOC_A, = 0
gpu_min_PIPE_A, = 0
gpu_min_IDLE_CORE_N, = 132
gpu_min_constant_power = 0

Accumulative Power Statistics Over Previous Kernels:
gpu_tot_avg_power = 79.952
gpu_tot_max_power = 161.109
gpu_tot_min_power = 58.0819


kernel_name = _ZN4vllm18act_and_mul_kernelIN3c108BFloat16E14__nv_bfloat162XadL_ZNS_11silu_kernelIS2_EET_RKS5_fEEXadL_ZNS_18packed_silu_kernelIS3_EES5_S7_fEELb1ELb1ELb0ELb0EEEvPS5_PS6_ifff 
kernel_launch_uid = 10 

Kernel Average Power Data:
kernel_avg_power = 76.0052
gpu_avg_IBP, = 0.0973033
gpu_avg_ICP, = 0
gpu_avg_DCP, = 0.831952
gpu_avg_TCP, = 0
gpu_avg_CCP, = 0.00138302
gpu_avg_SHRDP, = 0
gpu_avg_RFP, = 0
gpu_avg_INTP, = 0.638897
gpu_avg_FPUP, = 0.64116
gpu_avg_DPUP, = 0
gpu_avg_INT_MUL24P, = 0
gpu_avg_INT_MUL32P, = 0
gpu_avg_INT_MULP, = 0.223277
gpu_avg_INT_DIVP, = 0
gpu_avg_FP_MULP, = 0.722395
gpu_avg_FP_DIVP, = 0
gpu_avg_FP_SQRTP, = 0
gpu_avg_FP_LGP, = 0
gpu_avg_FP_SINP, = 0
gpu_avg_FP_EXP, = 0.449487
gpu_avg_DP_MULP, = 0
gpu_avg_DP_DIVP, = 0
gpu_avg_TENSORP, = 0
gpu_avg_TEXP, = 0
gpu_avg_SCHEDP, = 0.26049
gpu_avg_L2CP, = 0.281214
gpu_avg_MCP, = 0.792137
gpu_avg_NOCP, = 0.786057
gpu_avg_DRAMP, = 0
gpu_avg_PIPEP, = 0.618678
gpu_avg_IDLE_COREP, = 36.0012
gpu_avg_CONSTP = 32.3252
gpu_avg_STATICP = 1.33437
gpu_avg_TOT_INST, = 4180
gpu_avg_FP_INT, = 3800
gpu_avg_IC_H, = 0
gpu_avg_IC_M, = 0
gpu_avg_DC_RH, = 0
gpu_avg_DC_RM, = 506.667
gpu_avg_DC_WH, = 0
gpu_avg_DC_WM, = 253.333
gpu_avg_TC_H, = 0
gpu_avg_TC_M, = 0
gpu_avg_CC_H, = 63.3333
gpu_avg_CC_M, = 0
gpu_avg_SHRD_ACC, = 0
gpu_avg_REG_RD, = 0
gpu_avg_REG_WR, = 0
gpu_avg_NON_REG_OPs, = 0
gpu_avg_INT_ACC, = 349313
gpu_avg_FPU_ACC, = 8587.73
gpu_avg_DPU_ACC, = 0
gpu_avg_INT_MUL24_ACC, = 0
gpu_avg_INT_MUL32_ACC, = 0
gpu_avg_INT_MUL_ACC, = 1457.91
gpu_avg_INT_DIV_ACC, = 0
gpu_avg_FP_MUL_ACC, = 4716.95
gpu_avg_FP_DIV_ACC, = 0
gpu_avg_FP_SQRT_ACC, = 0
gpu_avg_FP_LG_ACC, = 0
gpu_avg_FP_SIN_ACC, = 0
gpu_avg_FP_EXP_ACC, = 2934.97
gpu_avg_DP_MUL_ACC, = 0
gpu_avg_DP_DIV_ACC, = 0
gpu_avg_TENSOR_ACC, = 0
gpu_avg_TEX_ACC, = 0
gpu_avg_MEM_RD, = 0
gpu_avg_MEM_WR, = 0
gpu_avg_MEM_PRE, = 0
gpu_avg_L2_RH, = 506.667
gpu_avg_L2_RM, = 0
gpu_avg_L2_WH, = 0
gpu_avg_L2_WM, = 278.167
gpu_avg_NOC_A, = 2305.42
gpu_avg_PIPE_A, = 0.0189236
gpu_avg_IDLE_CORE_N, = 127.307
gpu_avg_constant_power = 0
gpu_avg_threads_per_warp = 16
gpu_tot_TOT_INST, = 50160
gpu_tot_FP_INT, = 45600
gpu_tot_IC_H, = 0
gpu_tot_IC_M, = 0
gpu_tot_DC_RH, = 0
gpu_tot_DC_RM, = 6080
gpu_tot_DC_WH, = 0
gpu_tot_DC_WM, = 3040
gpu_tot_TC_H, = 0
gpu_tot_TC_M, = 0
gpu_tot_CC_H, = 760
gpu_tot_CC_M, = 0
gpu_tot_SHRD_ACC, = 0
gpu_tot_REG_RD, = 0
gpu_tot_REG_WR, = 0
gpu_tot_NON_REG_OPs, = 0
gpu_tot_INT_ACC, = 4.19175e+06
gpu_tot_FPU_ACC, = 103053
gpu_tot_DPU_ACC, = 0
gpu_tot_INT_MUL24_ACC, = 0
gpu_tot_INT_MUL32_ACC, = 0
gpu_tot_INT_MUL_ACC, = 17494.9
gpu_tot_INT_DIV_ACC, = 0
gpu_tot_FP_MUL_ACC, = 56603.4
gpu_tot_FP_DIV_ACC, = 0
gpu_tot_FP_SQRT_ACC, = 0
gpu_tot_FP_LG_ACC, = 0
gpu_tot_FP_SIN_ACC, = 0
gpu_tot_FP_EXP_ACC, = 35219.7
gpu_tot_DP_MUL_ACC, = 0
gpu_tot_DP_DIV_ACC, = 0
gpu_tot_TENSOR_ACC, = 0
gpu_tot_TEX_ACC, = 0
gpu_tot_MEM_RD, = 0
gpu_tot_MEM_WR, = 0
gpu_tot_MEM_PRE, = 0
gpu_tot_L2_RH, = 6080
gpu_tot_L2_RM, = 0
gpu_tot_L2_WH, = 0
gpu_tot_L2_WM, = 3338
gpu_tot_NOC_A, = 27665
gpu_tot_PIPE_A, = 0.227083
gpu_tot_IDLE_CORE_N, = 1527.68
gpu_tot_constant_power = 0

Kernel Maximum Power Data:
kernel_max_power = 85.575
gpu_max_IBP, = 0.310579
gpu_max_ICP, = 0
gpu_max_DCP, = 1.53868
gpu_max_TCP, = 0
gpu_max_CCP, = 0
gpu_max_SHRDP, = 0
gpu_max_RFP, = 0
gpu_max_INTP, = 2.16055
gpu_max_FPUP, = 2.54735
gpu_max_DPUP, = 0
gpu_max_INT_MUL24P, = 0
gpu_max_INT_MUL32P, = 0
gpu_max_INT_MULP, = 0.446742
gpu_max_INT_DIVP, = 0
gpu_max_FP_MULP, = 2.52473
gpu_max_FP_DIVP, = 0
gpu_max_FP_SQRTP, = 0
gpu_max_FP_LGP, = 0
gpu_max_FP_SINP, = 0
gpu_max_FP_EXP, = 1.59686
gpu_max_DP_MULP, = 0
gpu_max_DP_DIVP, = 0
gpu_max_TENSORP, = 0
gpu_max_TEXP, = 0
gpu_max_SCHEDP, = 0.834115
gpu_max_L2CP, = 0.326381
gpu_max_MCP, = 1.25478
gpu_max_NOCP, = 1.16609
gpu_max_DRAMP, = 0
gpu_max_PIPEP, = 1.20463
gpu_max_IDLE_COREP, = 34.5006
gpu_max_CONSTP = 32.3252
gpu_max_STATICP = 2.83776
gpu_max_TOT_INST, = 13342
gpu_max_FP_INT, = 12168
gpu_max_IC_H, = 0
gpu_max_IC_M, = 0
gpu_max_DC_RH, = 0
gpu_max_DC_RM, = 0
gpu_max_DC_WH, = 0
gpu_max_DC_WM, = 1440
gpu_max_TC_H, = 0
gpu_max_TC_M, = 0
gpu_max_CC_H, = 0
gpu_max_CC_M, = 0
gpu_max_SHRD_ACC, = 0
gpu_max_REG_RD, = 0
gpu_max_REG_WR, = 0
gpu_max_NON_REG_OPs, = 0
gpu_max_INT_ACC, = 1.18127e+06
gpu_max_FPU_ACC, = 34119.3
gpu_max_DPU_ACC, = 0
gpu_max_INT_MUL24_ACC, = 0
gpu_max_INT_MUL32_ACC, = 0
gpu_max_INT_MUL_ACC, = 2917.04
gpu_max_INT_DIV_ACC, = 0
gpu_max_FP_MUL_ACC, = 16485.5
gpu_max_FP_DIV_ACC, = 0
gpu_max_FP_SQRT_ACC, = 0
gpu_max_FP_LG_ACC, = 0
gpu_max_FP_SIN_ACC, = 0
gpu_max_FP_EXP_ACC, = 10426.9
gpu_max_DP_MUL_ACC, = 0
gpu_max_DP_DIV_ACC, = 0
gpu_max_TENSOR_ACC, = 0
gpu_max_TEX_ACC, = 0
gpu_max_MEM_RD, = 0
gpu_max_MEM_WR, = 0
gpu_max_MEM_PRE, = 0
gpu_max_L2_RH, = 0
gpu_max_L2_RM, = 0
gpu_max_L2_WH, = 0
gpu_max_L2_WM, = 634
gpu_max_NOC_A, = 3420
gpu_max_PIPE_A, = 0.0368461
gpu_max_IDLE_CORE_N, = 122
gpu_max_constant_power = 0

Kernel Minimum Power Data:
kernel_min_power = 70.5658
gpu_min_IBP, = 0
gpu_min_ICP, = 0
gpu_min_DCP, = 0
gpu_min_TCP, = 0
gpu_min_CCP, = 0
gpu_min_SHRDP, = 0
gpu_min_RFP, = 0
gpu_min_INTP, = 0
gpu_min_FPUP, = 0
gpu_min_DPUP, = 0
gpu_min_INT_MUL24P, = 0
gpu_min_INT_MUL32P, = 0
gpu_min_INT_MULP, = 0
gpu_min_INT_DIVP, = 0
gpu_min_FP_MULP, = 0
gpu_min_FP_DIVP, = 0
gpu_min_FP_SQRTP, = 0
gpu_min_FP_LGP, = 0
gpu_min_FP_SINP, = 0
gpu_min_FP_EXP, = 0
gpu_min_DP_MULP, = 0
gpu_min_DP_DIVP, = 0
gpu_min_TENSORP, = 0
gpu_min_TEXP, = 0
gpu_min_SCHEDP, = 0
gpu_min_L2CP, = 0
gpu_min_MCP, = 0.55022
gpu_min_NOCP, = 0
gpu_min_DRAMP, = 0
gpu_min_PIPEP, = 0.361843
gpu_min_IDLE_COREP, = 37.3285
gpu_min_CONSTP = 32.3252
gpu_min_STATICP = 0
gpu_min_TOT_INST, = 0
gpu_min_FP_INT, = 0
gpu_min_IC_H, = 0
gpu_min_IC_M, = 0
gpu_min_DC_RH, = 0
gpu_min_DC_RM, = 0
gpu_min_DC_WH, = 0
gpu_min_DC_WM, = 0
gpu_min_TC_H, = 0
gpu_min_TC_M, = 0
gpu_min_CC_H, = 0
gpu_min_CC_M, = 0
gpu_min_SHRD_ACC, = 0
gpu_min_REG_RD, = 0
gpu_min_REG_WR, = 0
gpu_min_NON_REG_OPs, = 0
gpu_min_INT_ACC, = 0
gpu_min_FPU_ACC, = 0
gpu_min_DPU_ACC, = 0
gpu_min_INT_MUL24_ACC, = 0
gpu_min_INT_MUL32_ACC, = 0
gpu_min_INT_MUL_ACC, = 0
gpu_min_INT_DIV_ACC, = 0
gpu_min_FP_MUL_ACC, = 0
gpu_min_FP_DIV_ACC, = 0
gpu_min_FP_SQRT_ACC, = 0
gpu_min_FP_LG_ACC, = 0
gpu_min_FP_SIN_ACC, = 0
gpu_min_FP_EXP_ACC, = 0
gpu_min_DP_MUL_ACC, = 0
gpu_min_DP_DIV_ACC, = 0
gpu_min_TENSOR_ACC, = 0
gpu_min_TEX_ACC, = 0
gpu_min_MEM_RD, = 0
gpu_min_MEM_WR, = 0
gpu_min_MEM_PRE, = 0
gpu_min_L2_RH, = 0
gpu_min_L2_RM, = 0
gpu_min_L2_WH, = 0
gpu_min_L2_WM, = 0
gpu_min_NOC_A, = 0
gpu_min_PIPE_A, = 0.0110677
gpu_min_IDLE_CORE_N, = 132
gpu_min_constant_power = 0

Accumulative Power Statistics Over Previous Kernels:
gpu_tot_avg_power = 79.6424
gpu_tot_max_power = 161.109
gpu_tot_min_power = 58.0819


